Archive member included to satisfy reference by file (symbol)

C:/Users/raduco3/pico-dev/arm-gnu-toolchain/bin/../lib/gcc/arm-none-eabi/13.3.1/../../../../arm-none-eabi/lib/thumb/v8-m.main+fp/softfp\libm.a(libm_a-wf_sqrt.o)
                              CMakeFiles/pico2_lvds_bridge.dir/C_/Users/raduco3/pico-dev/pico-sdk/src/rp2_common/pico_float/float_math.c.obj (sqrtf)
C:/Users/raduco3/pico-dev/arm-gnu-toolchain/bin/../lib/gcc/arm-none-eabi/13.3.1/../../../../arm-none-eabi/lib/thumb/v8-m.main+fp/softfp\libm.a(libm_a-ef_sqrt.o)
                              C:/Users/raduco3/pico-dev/arm-gnu-toolchain/bin/../lib/gcc/arm-none-eabi/13.3.1/../../../../arm-none-eabi/lib/thumb/v8-m.main+fp/softfp\libm.a(libm_a-wf_sqrt.o) (__ieee754_sqrtf)
C:/Users/raduco3/pico-dev/arm-gnu-toolchain/bin/../lib/gcc/arm-none-eabi/13.3.1/thumb/v8-m.main+fp/softfp\libgcc.a(_arm_addsubdf3.o)
                              CMakeFiles/pico2_lvds_bridge.dir/C_/Users/raduco3/pico-dev/pico-sdk/src/rp2_common/pico_float/float_math.c.obj (__aeabi_f2d)
C:/Users/raduco3/pico-dev/arm-gnu-toolchain/bin/../lib/gcc/arm-none-eabi/13.3.1/thumb/v8-m.main+fp/softfp\libgcc.a(_aeabi_ldivmod.o)
                              CMakeFiles/pico2_lvds_bridge.dir/C_/Users/raduco3/pico-dev/pico-sdk/src/common/pico_time/time.c.obj (__aeabi_ldivmod)
C:/Users/raduco3/pico-dev/arm-gnu-toolchain/bin/../lib/gcc/arm-none-eabi/13.3.1/thumb/v8-m.main+fp/softfp\libgcc.a(_aeabi_uldivmod.o)
                              CMakeFiles/pico2_lvds_bridge.dir/main.c.obj (__aeabi_uldivmod)
C:/Users/raduco3/pico-dev/arm-gnu-toolchain/bin/../lib/gcc/arm-none-eabi/13.3.1/thumb/v8-m.main+fp/softfp\libgcc.a(_udivmoddi4.o)
                              C:/Users/raduco3/pico-dev/arm-gnu-toolchain/bin/../lib/gcc/arm-none-eabi/13.3.1/thumb/v8-m.main+fp/softfp\libgcc.a(_aeabi_ldivmod.o) (__udivmoddi4)
C:/Users/raduco3/pico-dev/arm-gnu-toolchain/bin/../lib/gcc/arm-none-eabi/13.3.1/thumb/v8-m.main+fp/softfp\libgcc.a(_dvmd_tls.o)
                              C:/Users/raduco3/pico-dev/arm-gnu-toolchain/bin/../lib/gcc/arm-none-eabi/13.3.1/thumb/v8-m.main+fp/softfp\libgcc.a(_aeabi_ldivmod.o) (__aeabi_ldiv0)
C:/Users/raduco3/pico-dev/arm-gnu-toolchain/bin/../lib/gcc/arm-none-eabi/13.3.1/../../../../arm-none-eabi/lib/thumb/v8-m.main+fp/softfp\libg.a(libc_a-atexit.o)
                              C:/Users/raduco3/pico-dev/arm-gnu-toolchain/bin/../lib/gcc/arm-none-eabi/13.3.1/../../../../arm-none-eabi/lib/thumb/v8-m.main+fp/softfp/crt0.o (atexit)
C:/Users/raduco3/pico-dev/arm-gnu-toolchain/bin/../lib/gcc/arm-none-eabi/13.3.1/../../../../arm-none-eabi/lib/thumb/v8-m.main+fp/softfp\libg.a(libc_a-calloc.o)
                              CMakeFiles/pico2_lvds_bridge.dir/C_/Users/raduco3/pico-dev/pico-sdk/src/rp2_common/pico_malloc/malloc.c.obj (calloc)
C:/Users/raduco3/pico-dev/arm-gnu-toolchain/bin/../lib/gcc/arm-none-eabi/13.3.1/../../../../arm-none-eabi/lib/thumb/v8-m.main+fp/softfp\libg.a(libc_a-callocr.o)
                              C:/Users/raduco3/pico-dev/arm-gnu-toolchain/bin/../lib/gcc/arm-none-eabi/13.3.1/../../../../arm-none-eabi/lib/thumb/v8-m.main+fp/softfp\libg.a(libc_a-calloc.o) (_calloc_r)
C:/Users/raduco3/pico-dev/arm-gnu-toolchain/bin/../lib/gcc/arm-none-eabi/13.3.1/../../../../arm-none-eabi/lib/thumb/v8-m.main+fp/softfp\libg.a(libc_a-malloc.o)
                              CMakeFiles/pico2_lvds_bridge.dir/C_/Users/raduco3/pico-dev/pico-sdk/src/rp2_common/pico_malloc/malloc.c.obj (malloc)
C:/Users/raduco3/pico-dev/arm-gnu-toolchain/bin/../lib/gcc/arm-none-eabi/13.3.1/../../../../arm-none-eabi/lib/thumb/v8-m.main+fp/softfp\libg.a(libc_a-mallocr.o)
                              C:/Users/raduco3/pico-dev/arm-gnu-toolchain/bin/../lib/gcc/arm-none-eabi/13.3.1/../../../../arm-none-eabi/lib/thumb/v8-m.main+fp/softfp\libg.a(libc_a-callocr.o) (_malloc_r)
C:/Users/raduco3/pico-dev/arm-gnu-toolchain/bin/../lib/gcc/arm-none-eabi/13.3.1/../../../../arm-none-eabi/lib/thumb/v8-m.main+fp/softfp\libg.a(libc_a-mlock.o)
                              C:/Users/raduco3/pico-dev/arm-gnu-toolchain/bin/../lib/gcc/arm-none-eabi/13.3.1/../../../../arm-none-eabi/lib/thumb/v8-m.main+fp/softfp\libg.a(libc_a-mallocr.o) (__malloc_lock)
C:/Users/raduco3/pico-dev/arm-gnu-toolchain/bin/../lib/gcc/arm-none-eabi/13.3.1/../../../../arm-none-eabi/lib/thumb/v8-m.main+fp/softfp\libg.a(libc_a-realloc.o)
                              CMakeFiles/pico2_lvds_bridge.dir/C_/Users/raduco3/pico-dev/pico-sdk/src/rp2_common/pico_malloc/malloc.c.obj (realloc)
C:/Users/raduco3/pico-dev/arm-gnu-toolchain/bin/../lib/gcc/arm-none-eabi/13.3.1/../../../../arm-none-eabi/lib/thumb/v8-m.main+fp/softfp\libg.a(libc_a-reallocr.o)
                              C:/Users/raduco3/pico-dev/arm-gnu-toolchain/bin/../lib/gcc/arm-none-eabi/13.3.1/../../../../arm-none-eabi/lib/thumb/v8-m.main+fp/softfp\libg.a(libc_a-realloc.o) (_realloc_r)
[...]
Memory Configuration

Name             Origin             Length             Attributes
FLASH            0x10000000         0x00400000         xr
RAM              0x20000000         0x00080000         xrw
SCRATCH_X        0x20080000         0x00001000         xrw
SCRATCH_Y        0x20081000         0x00001000         xrw
*default*        0x00000000         0xffffffff

Linker script and memory map

LOAD C:/Users/raduco3/pico-dev/arm-gnu-toolchain/bin/../lib/gcc/arm-none-eabi/13.3.1/thumb/v8-m.main+fp/softfp/crti.o
LOAD C:/Users/raduco3/pico-dev/arm-gnu-toolchain/bin/../lib/gcc/arm-none-eabi/13.3.1/thumb/v8-m.main+fp/softfp/crtbegin.o
LOAD C:/Users/raduco3/pico-dev/arm-gnu-toolchain/bin/../lib/gcc/arm-none-eabi/13.3.1/../../../../arm-none-eabi/lib/thumb/v8-m.main+fp/softfp/crt0.o

.flash_begin    0x10000000        0x0
                0x10000000                        __flash_binary_start = .

.text           0x10000000     0x5d9c
                0x10000000                        __logical_binary_start = .
 *(.vectors)
 .vectors       0x10000000      0x124 CMakeFiles/pico2_lvds_bridge.dir/C_/Users/raduco3/pico-dev/pico-sdk/src/rp2_common/pico_crt0/crt0.S.obj
                0x10000000                __VECTOR_TABLE
                0x10000000                __vectors
                0x10000110                __default_isrs_start
                0x10000110                isr_invalid
                0x10000112                isr_nmi
                0x10000114                isr_hardfault
                0x10000116                isr_svcall
                0x10000118                isr_pendsv
                0x1000011a                isr_systick
                0x1000011c                isr_irq31
                0x1000011c                isr_irq5
                0x1000011c                isr_irq11
                0x1000011c                isr_irq32
                0x1000011c                isr_irq23
                0x1000011c                isr_irq48
                0x1000011c                isr_irq35
                0x1000011c                isr_irq18
                0x1000011c                isr_irq50
                0x1000011c                isr_irq27
                0x1000011c                isr_irq40
                0x1000011c                isr_irq28
                0x1000011c                isr_irq19
                0x1000011c                isr_irq36
                0x1000011c                isr_irq41
                0x1000011c                isr_irq0
                0x1000011c                isr_irq6
                0x1000011c                isr_irq45
                0x1000011c                isr_irq12
                0x1000011c                isr_irq37
                0x1000011c                isr_irq42
                0x1000011c                isr_irq22
                0x1000011c                isr_irq43
                0x1000011c                isr_irq17
                0x1000011c                isr_irq38
                0x1000011c                isr_irq14
                0x1000011c                isr_irq13
                0x1000011c                isr_irq2
                0x1000011c                isr_irq10
                0x1000011c                isr_irq8
                0x1000011c                isr_irq24
                0x1000011c                isr_irq46
                0x1000011c                isr_irq1
                0x1000011c                isr_irq47
                0x1000011c                isr_irq51
                0x1000011c                isr_irq7
                0x1000011c                isr_irq21
                0x1000011c                isr_irq39
                0x1000011c                isr_irq20
                0x1000011c                isr_irq15
                0x1000011c                isr_irq25
                0x1000011c                isr_irq34
                0x1000011c                isr_irq49
                0x1000011c                __unhandled_user_irq
                0x1000011c                isr_irq4
                0x1000011c                isr_irq16
                0x1000011c                isr_irq44
                0x1000011c                isr_irq29
                0x1000011c                isr_irq26
                0x1000011c                __default_isrs_end
                0x1000011c                isr_irq33
                0x1000011c                isr_irq3
                0x1000011c                isr_irq30
                0x1000011c                isr_irq9
                0x10000122                unhandled_user_irq_num_in_r0
 *(.binary_info_header)
 .binary_info_header
                0x10000124       0x14 CMakeFiles/pico2_lvds_bridge.dir/C_/Users/raduco3/pico-dev/pico-sdk/src/rp2_common/pico_crt0/crt0.S.obj
                0x10000138                        __binary_info_header_end = .
 *(.embedded_block)
 .embedded_block
                0x10000138       0x14 CMakeFiles/pico2_lvds_bridge.dir/C_/Users/raduco3/pico-dev/pico-sdk/src/rp2_common/pico_crt0/crt0.S.obj
                0x1000014c                        __embedded_block_end = .
 *(.reset)
 .reset         0x1000014c       0xa0 CMakeFiles/pico2_lvds_bridge.dir/C_/Users/raduco3/pico-dev/pico-sdk/src/rp2_common/pico_crt0/crt0.S.obj
                0x1000014c                _entry_point
 *(.init)
 .init          0x100001ec        0x4 C:/Users/raduco3/pico-dev/arm-gnu-toolchain/bin/../lib/gcc/arm-none-eabi/13.3.1/thumb/v8-m.main+fp/softfp/crti.o
                0x100001ec                _init
 *libgcc.a:cmse_nonsecure_call.o()
 *(EXCLUDE_FILE(*libm.a: *libc.a:*lib_a-mem*.o *libgcc.a:) .text*)
 .text.frame_dummy
                0x100001f0       0x1c C:/Users/raduco3/pico-dev/arm-gnu-toolchain/bin/../lib/gcc/arm-none-eabi/13.3.1/thumb/v8-m.main+fp/softfp/crtbegin.o
 .text.start_dma
                0x1000020c       0x6c CMakeFiles/pico2_lvds_bridge.dir/main.c.obj
 .text.send_frame_chunk.part.0
                0x10000278       0xbc CMakeFiles/pico2_lvds_bridge.dir/main.c.obj
 .text.start_pio.part.0
                0x10000334      0x118 CMakeFiles/pico2_lvds_bridge.dir/main.c.obj
 .text.restart_capture
                0x1000044c      0x1f4 CMakeFiles/pico2_lvds_bridge.dir/main.c.obj
 .text.process_host_commands
                0x10000640      0x2d8 CMakeFiles/pico2_lvds_bridge.dir/main.c.obj
 .text.startup.main
                0x10000918      0x55c CMakeFiles/pico2_lvds_bridge.dir/main.c.obj
                0x10000918                main
 .text.tud_cdc_line_state_cb
                0x10000e74       0x20 CMakeFiles/pico2_lvds_bridge.dir/main.c.obj
                0x10000e74                tud_cdc_line_state_cb
 .text.tud_cdc_line_coding_cb
                0x10000e94        0x4 CMakeFiles/pico2_lvds_bridge.dir/main.c.obj
                0x10000e94                tud_cdc_line_coding_cb
 .text.tud_descriptor_device_cb
                0x10000e98        0x8 CMakeFiles/pico2_lvds_bridge.dir/usb_descriptors.c.obj
                0x10000e98                tud_descriptor_device_cb
 .text.tud_descriptor_configuration_cb
                0x10000ea0        0x8 CMakeFiles/pico2_lvds_bridge.dir/usb_descriptors.c.obj
                0x10000ea0                tud_descriptor_configuration_cb
 .text.tud_descriptor_string_cb
                0x10000ea8       0x74 CMakeFiles/pico2_lvds_bridge.dir/usb_descriptors.c.obj
                0x10000ea8                tud_descriptor_string_cb
 .text.gpio_set_function
                0x10000f1c       0x3c CMakeFiles/pico2_lvds_bridge.dir/C_/Users/raduco3/pico-dev/pico-sdk/src/rp2_common/hardware_gpio/gpio.c.obj
                0x10000f1c                gpio_set_function
 .text.gpio_set_pulls
                0x10000f58       0x28 CMakeFiles/pico2_lvds_bridge.dir/C_/Users/raduco3/pico-dev/pico-sdk/src/rp2_common/hardware_gpio/gpio.c.obj
                0x10000f58                gpio_set_pulls
 .text.gpio_init
                0x10000f80       0x48 CMakeFiles/pico2_lvds_bridge.dir/C_/Users/raduco3/pico-dev/pico-sdk/src/rp2_common/hardware_gpio/gpio.c.obj
                0x10000f80                gpio_init
 .text.panic    0x10000fc8       0x30 CMakeFiles/pico2_lvds_bridge.dir/C_/Users/raduco3/pico-dev/pico-sdk/src/rp2_common/pico_platform_panic/panic.c.obj
                0x10000fc8                panic
 .text.hw_claim_lock
                0x10000ff8       0x24 CMakeFiles/pico2_lvds_bridge.dir/C_/Users/raduco3/pico-dev/pico-sdk/src/common/hardware_claim/claim.c.obj
                0x10000ff8                hw_claim_lock
 .text.hw_claim_unlock
                0x1000101c       0x14 CMakeFiles/pico2_lvds_bridge.dir/C_/Users/raduco3/pico-dev/pico-sdk/src/common/hardware_claim/claim.c.obj
                0x1000101c                hw_claim_unlock
 .text.hw_claim_or_assert
                0x10001030       0x58 CMakeFiles/pico2_lvds_bridge.dir/C_/Users/raduco3/pico-dev/pico-sdk/src/common/hardware_claim/claim.c.obj
                0x10001030                hw_claim_or_assert
 .text.hw_claim_unused_from_range
                0x10001088       0x9c CMakeFiles/pico2_lvds_bridge.dir/C_/Users/raduco3/pico-dev/pico-sdk/src/common/hardware_claim/claim.c.obj
                0x10001088                hw_claim_unused_from_range
 .text.next_striped_spin_lock_num
                0x10001124       0x18 CMakeFiles/pico2_lvds_bridge.dir/C_/Users/raduco3/pico-dev/pico-sdk/src/rp2_common/hardware_sync/sync.c.obj
                0x10001124                next_striped_spin_lock_num
 .text.spin_lock_claim_unused
                0x1000113c       0x20 CMakeFiles/pico2_lvds_bridge.dir/C_/Users/raduco3/pico-dev/pico-sdk/src/rp2_common/hardware_sync/sync.c.obj
                0x1000113c                spin_lock_claim_unused
 .text.spinlock_set_extexclall
                0x1000115c       0x10 CMakeFiles/pico2_lvds_bridge.dir/C_/Users/raduco3/pico-dev/pico-sdk/src/rp2_common/hardware_sync_spin_lock/sync_spin_lock.c.obj
 .text.spin_locks_reset
                0x1000116c       0x18 CMakeFiles/pico2_lvds_bridge.dir/C_/Users/raduco3/pico-dev/pico-sdk/src/rp2_common/hardware_sync_spin_lock/sync_spin_lock.c.obj
                0x1000116c                spin_locks_reset
 .text.runtime_init_per_core_irq_priorities
                0x10001184       0x40 CMakeFiles/pico2_lvds_bridge.dir/C_/Users/raduco3/pico-dev/pico-sdk/src/rp2_common/hardware_irq/irq.c.obj
                0x10001184                runtime_init_per_core_irq_priorities
 .text.irq_set_enabled
                0x100011c4       0x2c CMakeFiles/pico2_lvds_bridge.dir/C_/Users/raduco3/pico-dev/pico-sdk/src/rp2_common/hardware_irq/irq.c.obj
                0x100011c4                irq_set_enabled
 .text.irq_set_exclusive_handler
                0x100011f0       0x60 CMakeFiles/pico2_lvds_bridge.dir/C_/Users/raduco3/pico-dev/pico-sdk/src/rp2_common/hardware_irq/irq.c.obj
                0x100011f0                irq_set_exclusive_handler
 .text.irq_add_shared_handler
                0x10001250      0x1e8 CMakeFiles/pico2_lvds_bridge.dir/C_/Users/raduco3/pico-dev/pico-sdk/src/rp2_common/hardware_irq/irq.c.obj
                0x10001250                irq_add_shared_handler
 .text.irq_add_tail_to_free_list
                0x10001438       0xbc CMakeFiles/pico2_lvds_bridge.dir/C_/Users/raduco3/pico-dev/pico-sdk/src/rp2_common/hardware_irq/irq.c.obj
                0x10001438                irq_add_tail_to_free_list
 .text.lock_init
                0x100014f4        0xc CMakeFiles/pico2_lvds_bridge.dir/C_/Users/raduco3/pico-dev/pico-sdk/src/common/pico_sync/lock_core.c.obj
                0x100014f4                lock_init
 .text.runtime_init_mutex
                0x10001500       0x4c CMakeFiles/pico2_lvds_bridge.dir/C_/Users/raduco3/pico-dev/pico-sdk/src/common/pico_sync/mutex.c.obj
                0x10001500                runtime_init_mutex
 .text.mutex_init
                0x1000154c       0x1c CMakeFiles/pico2_lvds_bridge.dir/C_/Users/raduco3/pico-dev/pico-sdk/src/common/pico_sync/mutex.c.obj
                0x1000154c                mutex_init
 .text.critical_section_init
                0x10001568       0x1c CMakeFiles/pico2_lvds_bridge.dir/C_/Users/raduco3/pico-dev/pico-sdk/src/common/pico_sync/critical_section.c.obj
                0x10001568                critical_section_init
 .text.sleep_until_callback
                0x10001584       0x3c CMakeFiles/pico2_lvds_bridge.dir/C_/Users/raduco3/pico-dev/pico-sdk/src/common/pico_time/time.c.obj
 .text.alarm_pool_irq_handler
                0x100015c0      0x2e0 CMakeFiles/pico2_lvds_bridge.dir/C_/Users/raduco3/pico-dev/pico-sdk/src/common/pico_time/time.c.obj
 .text.runtime_init_default_alarm_pool
                0x100018a0      0x100 CMakeFiles/pico2_lvds_bridge.dir/C_/Users/raduco3/pico-dev/pico-sdk/src/common/pico_time/time.c.obj
                0x100018a0                runtime_init_default_alarm_pool
 .text.alarm_pool_add_alarm_at_force_in_context
                0x100019a0       0xc8 CMakeFiles/pico2_lvds_bridge.dir/C_/Users/raduco3/pico-dev/pico-sdk/src/common/pico_time/time.c.obj
                0x100019a0                alarm_pool_add_alarm_at_force_in_context
 .text.alarm_pool_cancel_alarm
                0x10001a68       0x80 CMakeFiles/pico2_lvds_bridge.dir/C_/Users/raduco3/pico-dev/pico-sdk/src/common/pico_time/time.c.obj
                0x10001a68                alarm_pool_cancel_alarm
 .text.sleep_until
                0x10001ae8       0xbc CMakeFiles/pico2_lvds_bridge.dir/C_/Users/raduco3/pico-dev/pico-sdk/src/common/pico_time/time.c.obj
                0x10001ae8                sleep_until
 .text.sleep_us
                0x10001ba4       0x30 CMakeFiles/pico2_lvds_bridge.dir/C_/Users/raduco3/pico-dev/pico-sdk/src/common/pico_time/time.c.obj
                0x10001ba4                sleep_us
 .text.sleep_ms
                0x10001bd4       0x2c CMakeFiles/pico2_lvds_bridge.dir/C_/Users/raduco3/pico-dev/pico-sdk/src/common/pico_time/time.c.obj
                0x10001bd4                sleep_ms
 .text.best_effort_wfe_or_timeout
                0x10001c00       0xb0 CMakeFiles/pico2_lvds_bridge.dir/C_/Users/raduco3/pico-dev/pico-sdk/src/common/pico_time/time.c.obj
                0x10001c00                best_effort_wfe_or_timeout
 .text.timer_hardware_alarm_claim
                0x10001cb0       0x24 CMakeFiles/pico2_lvds_bridge.dir/C_/Users/raduco3/pico-dev/pico-sdk/src/rp2_common/hardware_timer/timer.c.obj
                0x10001cb0                timer_hardware_alarm_claim
 .text.timer_time_us_64
                0x10001cd4       0x10 CMakeFiles/pico2_lvds_bridge.dir/C_/Users/raduco3/pico-dev/pico-sdk/src/rp2_common/hardware_timer/timer.c.obj
                0x10001cd4                timer_time_us_64
 .text.time_us_64
                0x10001ce4       0x14 CMakeFiles/pico2_lvds_bridge.dir/C_/Users/raduco3/pico-dev/pico-sdk/src/rp2_common/hardware_timer/timer.c.obj
                0x10001ce4                time_us_64
 .text.busy_wait_until
                0x10001cf8       0x24 CMakeFiles/pico2_lvds_bridge.dir/C_/Users/raduco3/pico-dev/pico-sdk/src/rp2_common/hardware_timer/timer.c.obj
                0x10001cf8                busy_wait_until
 .text.clock_configure_undivided
                0x10001d1c       0xd0 CMakeFiles/pico2_lvds_bridge.dir/C_/Users/raduco3/pico-dev/pico-sdk/src/rp2_common/hardware_clocks/clocks.c.obj
                0x10001d1c                clock_configure_undivided
 .text.clock_get_hz
                0x10001dec        0xc CMakeFiles/pico2_lvds_bridge.dir/C_/Users/raduco3/pico-dev/pico-sdk/src/rp2_common/hardware_clocks/clocks.c.obj
                0x10001dec                clock_get_hz
 .text.pll_init
                0x10001df8       0x8c CMakeFiles/pico2_lvds_bridge.dir/C_/Users/raduco3/pico-dev/pico-sdk/src/rp2_common/hardware_pll/pll.c.obj
                0x10001df8                pll_init
 .text.tick_start
                0x10001e84       0x18 CMakeFiles/pico2_lvds_bridge.dir/C_/Users/raduco3/pico-dev/pico-sdk/src/rp2_common/hardware_ticks/ticks.c.obj
                0x10001e84                tick_start
 .text.rom_reboot.constprop.0.isra.0
                0x10001e9c       0x34 CMakeFiles/pico2_lvds_bridge.dir/C_/Users/raduco3/pico-dev/pico-sdk/src/rp2_common/pico_bootrom/bootrom.c.obj
 .text.rom_func_lookup
                0x10001ed0       0x18 CMakeFiles/pico2_lvds_bridge.dir/C_/Users/raduco3/pico-dev/pico-sdk/src/rp2_common/pico_bootrom/bootrom.c.obj
                0x10001ed0                rom_func_lookup
 .text.rom_reset_usb_boot
                0x10001ee8       0x1c CMakeFiles/pico2_lvds_bridge.dir/C_/Users/raduco3/pico-dev/pico-sdk/src/rp2_common/pico_bootrom/bootrom.c.obj
                0x10001ee8                rom_reset_usb_boot
 .text.runtime_init_bootrom_locking_enable
                0x10001f04       0x14 CMakeFiles/pico2_lvds_bridge.dir/C_/Users/raduco3/pico-dev/pico-sdk/src/rp2_common/pico_bootrom/bootrom_lock.c.obj
                0x10001f04                runtime_init_bootrom_locking_enable
 .text.runtime_init_boot_locks_reset
                0x10001f18       0x1c CMakeFiles/pico2_lvds_bridge.dir/C_/Users/raduco3/pico-dev/pico-sdk/src/rp2_common/hardware_boot_lock/boot_lock.c.obj
                0x10001f18                runtime_init_boot_locks_reset
 .text.xosc_init
                0x10001f34       0x2c CMakeFiles/pico2_lvds_bridge.dir/C_/Users/raduco3/pico-dev/pico-sdk/src/rp2_common/hardware_xosc/xosc.c.obj
                0x10001f34                xosc_init
 .text.first_per_core_initializer
                0x10001f60        0x4 CMakeFiles/pico2_lvds_bridge.dir/C_/Users/raduco3/pico-dev/pico-sdk/src/rp2_common/pico_runtime/runtime.c.obj
 .text.hard_assertion_failure
                0x10001f64        0xc CMakeFiles/pico2_lvds_bridge.dir/C_/Users/raduco3/pico-dev/pico-sdk/src/rp2_common/pico_runtime/runtime.c.obj
                0x10001f64                hard_assertion_failure
 .text.runtime_run_initializers
                0x10001f70       0x20 CMakeFiles/pico2_lvds_bridge.dir/C_/Users/raduco3/pico-dev/pico-sdk/src/rp2_common/pico_runtime/runtime.c.obj
                0x10001f70                runtime_run_initializers
 .text.runtime_init_early_resets
                0x10001f90       0x34 CMakeFiles/pico2_lvds_bridge.dir/C_/Users/raduco3/pico-dev/pico-sdk/src/rp2_common/pico_runtime_init/runtime_init.c.obj
                0x10001f90                runtime_init_early_resets
 .text.runtime_init_usb_power_down
                0x10001fc4       0x1c CMakeFiles/pico2_lvds_bridge.dir/C_/Users/raduco3/pico-dev/pico-sdk/src/rp2_common/pico_runtime_init/runtime_init.c.obj
                0x10001fc4                runtime_init_usb_power_down
 .text.runtime_init_per_core_enable_coprocessors
                0x10001fe0       0x1c CMakeFiles/pico2_lvds_bridge.dir/C_/Users/raduco3/pico-dev/pico-sdk/src/rp2_common/pico_runtime_init/runtime_init.c.obj
                0x10001fe0                runtime_init_per_core_enable_coprocessors
 .text.runtime_init_post_clock_resets
                0x10001ffc       0x20 CMakeFiles/pico2_lvds_bridge.dir/C_/Users/raduco3/pico-dev/pico-sdk/src/rp2_common/pico_runtime_init/runtime_init.c.obj
                0x10001ffc                runtime_init_post_clock_resets
 .text.runtime_init_bootrom_reset
                0x1000201c       0x14 CMakeFiles/pico2_lvds_bridge.dir/C_/Users/raduco3/pico-dev/pico-sdk/src/rp2_common/pico_runtime_init/runtime_init.c.obj
                0x1000201c                runtime_init_bootrom_reset
 .text.runtime_init_per_core_bootrom_reset
                0x10002030       0x14 CMakeFiles/pico2_lvds_bridge.dir/C_/Users/raduco3/pico-dev/pico-sdk/src/rp2_common/pico_runtime_init/runtime_init.c.obj
                0x10002030                runtime_init_per_core_bootrom_reset
 .text.runtime_init_spin_locks_reset
                0x10002044        0x4 CMakeFiles/pico2_lvds_bridge.dir/C_/Users/raduco3/pico-dev/pico-sdk/src/rp2_common/pico_runtime_init/runtime_init.c.obj
                0x10002044                runtime_init_spin_locks_reset
 .text.runtime_init_install_ram_vector_table
                0x10002048       0x20 CMakeFiles/pico2_lvds_bridge.dir/C_/Users/raduco3/pico-dev/pico-sdk/src/rp2_common/pico_runtime_init/runtime_init.c.obj
                0x10002048                runtime_init_install_ram_vector_table
 .text.runtime_init_clocks
                0x10002068       0xdc CMakeFiles/pico2_lvds_bridge.dir/C_/Users/raduco3/pico-dev/pico-sdk/src/rp2_common/pico_runtime_init/runtime_init_clocks.c.obj
                0x10002068                runtime_init_clocks
 .text.__rp2350_dcp_engaged_state_save_restore
                0x10002144       0x3a CMakeFiles/pico2_lvds_bridge.dir/C_/Users/raduco3/pico-dev/pico-sdk/src/rp2_common/pico_double/double_aeabi_dcp.S.obj
 *fill*         0x1000217e        0x2 
 .text.__wrap___aeabi_dadd
                0x10002180       0x28 CMakeFiles/pico2_lvds_bridge.dir/C_/Users/raduco3/pico-dev/pico-sdk/src/rp2_common/pico_double/double_aeabi_dcp.S.obj
                0x10002188                __wrap___aeabi_dadd
 .text.__wrap___aeabi_dsub
                0x100021a8       0x28 CMakeFiles/pico2_lvds_bridge.dir/C_/Users/raduco3/pico-dev/pico-sdk/src/rp2_common/pico_double/double_aeabi_dcp.S.obj
                0x100021b0                __wrap___aeabi_dsub
 .text.__wrap___aeabi_dmul
                0x100021d0       0x4c CMakeFiles/pico2_lvds_bridge.dir/C_/Users/raduco3/pico-dev/pico-sdk/src/rp2_common/pico_double/double_aeabi_dcp.S.obj
                0x100021d8                __wrap___aeabi_dmul
 .text.__wrap___aeabi_ddiv
                0x1000221c       0x9c CMakeFiles/pico2_lvds_bridge.dir/C_/Users/raduco3/pico-dev/pico-sdk/src/rp2_common/pico_double/double_aeabi_dcp.S.obj
                0x10002224                __wrap___aeabi_ddiv
 .text.__wrap___aeabi_i2d
                0x100022b8       0x24 CMakeFiles/pico2_lvds_bridge.dir/C_/Users/raduco3/pico-dev/pico-sdk/src/rp2_common/pico_double/double_aeabi_dcp.S.obj
                0x100022c0                __wrap___aeabi_i2d
 .text.__wrap___aeabi_ui2d
                0x100022dc       0x24 CMakeFiles/pico2_lvds_bridge.dir/C_/Users/raduco3/pico-dev/pico-sdk/src/rp2_common/pico_double/double_aeabi_dcp.S.obj
                0x100022e4                __wrap___aeabi_ui2d
 .text.__wrap___aeabi_d2iz
                0x10002300       0x24 CMakeFiles/pico2_lvds_bridge.dir/C_/Users/raduco3/pico-dev/pico-sdk/src/rp2_common/pico_double/double_aeabi_dcp.S.obj
                0x10002308                __wrap___aeabi_d2iz
 .text.__wrap___aeabi_d2uiz
                0x10002324       0x24 CMakeFiles/pico2_lvds_bridge.dir/C_/Users/raduco3/pico-dev/pico-sdk/src/rp2_common/pico_double/double_aeabi_dcp.S.obj
                0x1000232c                __wrap___aeabi_d2uiz
 .text.__wrap___aeabi_dcmpun
                0x10002348       0x24 CMakeFiles/pico2_lvds_bridge.dir/C_/Users/raduco3/pico-dev/pico-sdk/src/rp2_common/pico_double/double_aeabi_dcp.S.obj
                0x10002350                __wrap___aeabi_dcmpun
 .text.__wrap___aeabi_dcmplt
                0x1000236c       0x28 CMakeFiles/pico2_lvds_bridge.dir/C_/Users/raduco3/pico-dev/pico-sdk/src/rp2_common/pico_double/double_aeabi_dcp.S.obj
                0x10002374                __wrap___aeabi_dcmplt
 .text.__wrap___aeabi_dcmpge
                0x10002394       0x28 CMakeFiles/pico2_lvds_bridge.dir/C_/Users/raduco3/pico-dev/pico-sdk/src/rp2_common/pico_double/double_aeabi_dcp.S.obj
                0x1000239c                __wrap___aeabi_dcmpge
 .text.__wrap___aeabi_dcmpgt
                0x100023bc       0x28 CMakeFiles/pico2_lvds_bridge.dir/C_/Users/raduco3/pico-dev/pico-sdk/src/rp2_common/pico_double/double_aeabi_dcp.S.obj
                0x100023c4                __wrap___aeabi_dcmpgt
 .text._out_buffer
                0x100023e4        0x8 CMakeFiles/pico2_lvds_bridge.dir/C_/Users/raduco3/pico-dev/pico-sdk/src/rp2_common/pico_printf/printf.c.obj
 .text._out_null
                0x100023ec        0x4 CMakeFiles/pico2_lvds_bridge.dir/C_/Users/raduco3/pico-dev/pico-sdk/src/rp2_common/pico_printf/printf.c.obj
 .text._out_rev
                0x100023f0       0x9c CMakeFiles/pico2_lvds_bridge.dir/C_/Users/raduco3/pico-dev/pico-sdk/src/rp2_common/pico_printf/printf.c.obj
 .text._ntoa_format
                0x1000248c      0x2a4 CMakeFiles/pico2_lvds_bridge.dir/C_/Users/raduco3/pico-dev/pico-sdk/src/rp2_common/pico_printf/printf.c.obj
 .text._out_char
                0x10002730        0x8 CMakeFiles/pico2_lvds_bridge.dir/C_/Users/raduco3/pico-dev/pico-sdk/src/rp2_common/pico_printf/printf.c.obj
 .text._etoa    0x10002738      0x460 CMakeFiles/pico2_lvds_bridge.dir/C_/Users/raduco3/pico-dev/pico-sdk/src/rp2_common/pico_printf/printf.c.obj
 .text._ftoa    0x10002b98      0x3f4 CMakeFiles/pico2_lvds_bridge.dir/C_/Users/raduco3/pico-dev/pico-sdk/src/rp2_common/pico_printf/printf.c.obj
 .text._vsnprintf
                0x10002f8c      0x9e8 CMakeFiles/pico2_lvds_bridge.dir/C_/Users/raduco3/pico-dev/pico-sdk/src/rp2_common/pico_printf/printf.c.obj
 .text.__wrap_snprintf
                0x10003974       0x2c CMakeFiles/pico2_lvds_bridge.dir/C_/Users/raduco3/pico-dev/pico-sdk/src/rp2_common/pico_printf/printf.c.obj
                0x10003974                __wrap_snprintf
 .text.weak_raw_vprintf
                0x100039a0       0x30 CMakeFiles/pico2_lvds_bridge.dir/C_/Users/raduco3/pico-dev/pico-sdk/src/rp2_common/pico_printf/printf.c.obj
                0x100039a0                weak_raw_vprintf
 .text._exit    0x100039d0        0x4 CMakeFiles/pico2_lvds_bridge.dir/C_/Users/raduco3/pico-dev/pico-sdk/src/rp2_common/pico_clib_interface/newlib_interface.c.obj
                0x100039d0                _exit
 .text.exit     0x100039d4        0x8 CMakeFiles/pico2_lvds_bridge.dir/C_/Users/raduco3/pico-dev/pico-sdk/src/rp2_common/pico_clib_interface/newlib_interface.c.obj
                0x100039d4                exit
 .text.runtime_init
                0x100039dc       0x24 CMakeFiles/pico2_lvds_bridge.dir/C_/Users/raduco3/pico-dev/pico-sdk/src/rp2_common/pico_clib_interface/newlib_interface.c.obj
                0x100039dc                runtime_init
 .text.stdio_out_chars_no_crlf
                0x10003a00        0x8 CMakeFiles/pico2_lvds_bridge.dir/C_/Users/raduco3/pico-dev/pico-sdk/src/rp2_common/pico_stdio/stdio.c.obj
 .text.stdio_out_chars_crlf
                0x10003a08       0xac CMakeFiles/pico2_lvds_bridge.dir/C_/Users/raduco3/pico-dev/pico-sdk/src/rp2_common/pico_stdio/stdio.c.obj
 .text.stdio_put_string
                0x10003ab4       0xf0 CMakeFiles/pico2_lvds_bridge.dir/C_/Users/raduco3/pico-dev/pico-sdk/src/rp2_common/pico_stdio/stdio.c.obj
                0x10003ab4                stdio_put_string
 .text.__wrap_putchar
                0x10003ba4       0x84 CMakeFiles/pico2_lvds_bridge.dir/C_/Users/raduco3/pico-dev/pico-sdk/src/rp2_common/pico_stdio/stdio.c.obj
                0x10003ba4                __wrap_putchar
                0x10003ba4                stdio_putchar
 .text.__wrap_puts
                0x10003c28       0x3c CMakeFiles/pico2_lvds_bridge.dir/C_/Users/raduco3/pico-dev/pico-sdk/src/rp2_common/pico_stdio/stdio.c.obj
                0x10003c28                stdio_puts
                0x10003c28                __wrap_puts
 .text.pio_add_program
                0x10003c64       0xf8 CMakeFiles/pico2_lvds_bridge.dir/C_/Users/raduco3/pico-dev/pico-sdk/src/rp2_common/hardware_pio/pio.c.obj
                0x10003c64                pio_add_program
 .text.pio_clear_instruction_memory
                0x10003d5c       0x34 CMakeFiles/pico2_lvds_bridge.dir/C_/Users/raduco3/pico-dev/pico-sdk/src/rp2_common/hardware_pio/pio.c.obj
                0x10003d5c                pio_clear_instruction_memory
 .text.pio_sm_set_consecutive_pindirs
                0x10003d90       0x8c CMakeFiles/pico2_lvds_bridge.dir/C_/Users/raduco3/pico-dev/pico-sdk/src/rp2_common/hardware_pio/pio.c.obj
                0x10003d90                pio_sm_set_consecutive_pindirs
 .text.pio_sm_init
                0x10003e1c       0xa8 CMakeFiles/pico2_lvds_bridge.dir/C_/Users/raduco3/pico-dev/pico-sdk/src/rp2_common/hardware_pio/pio.c.obj
                0x10003e1c                pio_sm_init
 .text.dma_claim_unused_channel
                0x10003ec4       0x20 CMakeFiles/pico2_lvds_bridge.dir/C_/Users/raduco3/pico-dev/pico-sdk/src/rp2_common/hardware_dma/dma.c.obj
                0x10003ec4                dma_claim_unused_channel
 .text.dcd_init
                0x10003ee4       0x90 CMakeFiles/pico2_lvds_bridge.dir/C_/Users/raduco3/pico-dev/pico-sdk/lib/tinyusb/src/portable/raspberrypi/rp2040/dcd_rp2040.c.obj
                0x10003ee4                dcd_init
 .text.dcd_int_enable
                0x10003f74        0x8 CMakeFiles/pico2_lvds_bridge.dir/C_/Users/raduco3/pico-dev/pico-sdk/lib/tinyusb/src/portable/raspberrypi/rp2040/dcd_rp2040.c.obj
                0x10003f74                dcd_int_enable
 .text.dcd_set_address
                0x10003f7c       0x10 CMakeFiles/pico2_lvds_bridge.dir/C_/Users/raduco3/pico-dev/pico-sdk/lib/tinyusb/src/portable/raspberrypi/rp2040/dcd_rp2040.c.obj
                0x10003f7c                dcd_set_address
 .text.dcd_sof_enable
                0x10003f8c       0x1c CMakeFiles/pico2_lvds_bridge.dir/C_/Users/raduco3/pico-dev/pico-sdk/lib/tinyusb/src/portable/raspberrypi/rp2040/dcd_rp2040.c.obj
                0x10003f8c                dcd_sof_enable
 .text.dcd_edpt0_status_complete
                0x10003fa8       0x1c CMakeFiles/pico2_lvds_bridge.dir/C_/Users/raduco3/pico-dev/pico-sdk/lib/tinyusb/src/portable/raspberrypi/rp2040/dcd_rp2040.c.obj
                0x10003fa8                dcd_edpt0_status_complete
 .text.dcd_edpt_open
                0x10003fc4       0xf8 CMakeFiles/pico2_lvds_bridge.dir/C_/Users/raduco3/pico-dev/pico-sdk/lib/tinyusb/src/portable/raspberrypi/rp2040/dcd_rp2040.c.obj
                0x10003fc4                dcd_edpt_open
 .text.dcd_edpt_close_all
                0x100040bc        0x4 CMakeFiles/pico2_lvds_bridge.dir/C_/Users/raduco3/pico-dev/pico-sdk/lib/tinyusb/src/portable/raspberrypi/rp2040/dcd_rp2040.c.obj
                0x100040bc                dcd_edpt_close_all
 .text.dcd_edpt_xfer
                0x100040c0       0x28 CMakeFiles/pico2_lvds_bridge.dir/C_/Users/raduco3/pico-dev/pico-sdk/lib/tinyusb/src/portable/raspberrypi/rp2040/dcd_rp2040.c.obj
                0x100040c0                dcd_edpt_xfer
 .text.dcd_edpt_stall
                0x100040e8       0x2c CMakeFiles/pico2_lvds_bridge.dir/C_/Users/raduco3/pico-dev/pico-sdk/lib/tinyusb/src/portable/raspberrypi/rp2040/dcd_rp2040.c.obj
                0x100040e8                dcd_edpt_stall
 .text.dcd_edpt_clear_stall
                0x10004114       0x2c CMakeFiles/pico2_lvds_bridge.dir/C_/Users/raduco3/pico-dev/pico-sdk/lib/tinyusb/src/portable/raspberrypi/rp2040/dcd_rp2040.c.obj
                0x10004114                dcd_edpt_clear_stall
 .text.rp2040_usb_init
                0x10004140       0x40 CMakeFiles/pico2_lvds_bridge.dir/C_/Users/raduco3/pico-dev/pico-sdk/lib/tinyusb/src/portable/raspberrypi/rp2040/rp2040_usb.c.obj
                0x10004140                rp2040_usb_init
 .text.hw_endpoint_xfer_start
                0x10004180       0x40 CMakeFiles/pico2_lvds_bridge.dir/C_/Users/raduco3/pico-dev/pico-sdk/lib/tinyusb/src/portable/raspberrypi/rp2040/rp2040_usb.c.obj
                0x10004180                hw_endpoint_xfer_start
 .text.tud_vendor_control_xfer_cb
                0x100041c0        0x4 CMakeFiles/pico2_lvds_bridge.dir/C_/Users/raduco3/pico-dev/pico-sdk/lib/tinyusb/src/device/usbd.c.obj
                0x100041c0                tud_vendor_control_xfer_cb
 .text.configuration_reset
                0x100041c4       0x8c CMakeFiles/pico2_lvds_bridge.dir/C_/Users/raduco3/pico-dev/pico-sdk/lib/tinyusb/src/device/usbd.c.obj
 .text.tud_event_hook_cb
                0x10004250        0x4 CMakeFiles/pico2_lvds_bridge.dir/C_/Users/raduco3/pico-dev/pico-sdk/lib/tinyusb/src/device/usbd.c.obj
                0x10004250                tud_event_hook_cb
 .text.tud_sof_cb
                0x10004254        0x4 CMakeFiles/pico2_lvds_bridge.dir/C_/Users/raduco3/pico-dev/pico-sdk/lib/tinyusb/src/device/usbd.c.obj
                0x10004254                tud_sof_cb
 .text.tud_descriptor_bos_cb
                0x10004258        0x4 CMakeFiles/pico2_lvds_bridge.dir/C_/Users/raduco3/pico-dev/pico-sdk/lib/tinyusb/src/device/usbd.c.obj
                0x10004258                tud_descriptor_bos_cb
 .text.tud_descriptor_device_qualifier_cb
                0x1000425c        0x4 CMakeFiles/pico2_lvds_bridge.dir/C_/Users/raduco3/pico-dev/pico-sdk/lib/tinyusb/src/device/usbd.c.obj
                0x1000425c                tud_descriptor_device_qualifier_cb
 .text.tud_descriptor_other_speed_configuration_cb
                0x10004260        0x4 CMakeFiles/pico2_lvds_bridge.dir/C_/Users/raduco3/pico-dev/pico-sdk/lib/tinyusb/src/device/usbd.c.obj
                0x10004260                tud_descriptor_other_speed_configuration_cb
 .text.tud_mount_cb
                0x10004264        0x4 CMakeFiles/pico2_lvds_bridge.dir/C_/Users/raduco3/pico-dev/pico-sdk/lib/tinyusb/src/device/usbd.c.obj
                0x10004264                tud_mount_cb
 .text.tud_umount_cb
                0x10004268        0x4 CMakeFiles/pico2_lvds_bridge.dir/C_/Users/raduco3/pico-dev/pico-sdk/lib/tinyusb/src/device/usbd.c.obj
                0x10004268                tud_umount_cb
 .text.tud_suspend_cb
                0x1000426c        0x4 CMakeFiles/pico2_lvds_bridge.dir/C_/Users/raduco3/pico-dev/pico-sdk/lib/tinyusb/src/device/usbd.c.obj
                0x1000426c                tud_suspend_cb
 .text.tud_resume_cb
                0x10004270        0x4 CMakeFiles/pico2_lvds_bridge.dir/C_/Users/raduco3/pico-dev/pico-sdk/lib/tinyusb/src/device/usbd.c.obj
                0x10004270                tud_resume_cb
 .text.tud_mounted
                0x10004274       0x10 CMakeFiles/pico2_lvds_bridge.dir/C_/Users/raduco3/pico-dev/pico-sdk/lib/tinyusb/src/device/usbd.c.obj
                0x10004274                tud_mounted
 .text.tud_suspended
                0x10004284       0x10 CMakeFiles/pico2_lvds_bridge.dir/C_/Users/raduco3/pico-dev/pico-sdk/lib/tinyusb/src/device/usbd.c.obj
                0x10004284                tud_suspended
 .text.tud_init
                0x10004294       0xe4 CMakeFiles/pico2_lvds_bridge.dir/C_/Users/raduco3/pico-dev/pico-sdk/lib/tinyusb/src/device/usbd.c.obj
                0x10004294                tud_init
 .text.tud_task_ext
                0x10004378      0x760 CMakeFiles/pico2_lvds_bridge.dir/C_/Users/raduco3/pico-dev/pico-sdk/lib/tinyusb/src/device/usbd.c.obj
                0x10004378                tud_task_ext
 .text.usbd_open_edpt_pair
                0x10004ad8       0x9c CMakeFiles/pico2_lvds_bridge.dir/C_/Users/raduco3/pico-dev/pico-sdk/lib/tinyusb/src/device/usbd.c.obj
                0x10004ad8                usbd_open_edpt_pair
 .text.usbd_edpt_open
                0x10004b74       0x44 CMakeFiles/pico2_lvds_bridge.dir/C_/Users/raduco3/pico-dev/pico-sdk/lib/tinyusb/src/device/usbd.c.obj
                0x10004b74                usbd_edpt_open
 .text.usbd_edpt_claim
                0x10004bb8       0x24 CMakeFiles/pico2_lvds_bridge.dir/C_/Users/raduco3/pico-dev/pico-sdk/lib/tinyusb/src/device/usbd.c.obj
                0x10004bb8                usbd_edpt_claim
 .text.usbd_edpt_release
                0x10004bdc       0x24 CMakeFiles/pico2_lvds_bridge.dir/C_/Users/raduco3/pico-dev/pico-sdk/lib/tinyusb/src/device/usbd.c.obj
                0x10004bdc                usbd_edpt_release
 .text.usbd_edpt_xfer
                0x10004c00       0x70 CMakeFiles/pico2_lvds_bridge.dir/C_/Users/raduco3/pico-dev/pico-sdk/lib/tinyusb/src/device/usbd.c.obj
                0x10004c00                usbd_edpt_xfer
 .text.tud_control_status
                0x10004c70       0x34 CMakeFiles/pico2_lvds_bridge.dir/C_/Users/raduco3/pico-dev/pico-sdk/lib/tinyusb/src/device/usbd_control.c.obj
                0x10004c70                tud_control_status
 .text.tud_control_xfer
                0x10004ca4       0xac CMakeFiles/pico2_lvds_bridge.dir/C_/Users/raduco3/pico-dev/pico-sdk/lib/tinyusb/src/device/usbd_control.c.obj
                0x10004ca4                tud_control_xfer
 .text.usbd_control_reset
                0x10004d50       0x14 CMakeFiles/pico2_lvds_bridge.dir/C_/Users/raduco3/pico-dev/pico-sdk/lib/tinyusb/src/device/usbd_control.c.obj
                0x10004d50                usbd_control_reset
 .text.usbd_control_set_complete_callback
                0x10004d64        0xc CMakeFiles/pico2_lvds_bridge.dir/C_/Users/raduco3/pico-dev/pico-sdk/lib/tinyusb/src/device/usbd_control.c.obj
                0x10004d64                usbd_control_set_complete_callback
 .text.usbd_control_set_request
                0x10004d70       0x1c CMakeFiles/pico2_lvds_bridge.dir/C_/Users/raduco3/pico-dev/pico-sdk/lib/tinyusb/src/device/usbd_control.c.obj
                0x10004d70                usbd_control_set_request
 .text.usbd_control_xfer_cb
                0x10004d8c       0xfc CMakeFiles/pico2_lvds_bridge.dir/C_/Users/raduco3/pico-dev/pico-sdk/lib/tinyusb/src/device/usbd_control.c.obj
                0x10004d8c                usbd_control_xfer_cb
 .text._prep_out_transaction.isra.0
                0x10004e88       0x60 CMakeFiles/pico2_lvds_bridge.dir/C_/Users/raduco3/pico-dev/pico-sdk/lib/tinyusb/src/class/cdc/cdc_device.c.obj
 .text.tud_cdc_n_connected
                0x10004ee8       0x2c CMakeFiles/pico2_lvds_bridge.dir/C_/Users/raduco3/pico-dev/pico-sdk/lib/tinyusb/src/class/cdc/cdc_device.c.obj
                0x10004ee8                tud_cdc_n_connected
 .text.tud_cdc_n_available
                0x10004f14       0x18 CMakeFiles/pico2_lvds_bridge.dir/C_/Users/raduco3/pico-dev/pico-sdk/lib/tinyusb/src/class/cdc/cdc_device.c.obj
                0x10004f14                tud_cdc_n_available
 .text.tud_cdc_n_read
                0x10004f2c       0x94 CMakeFiles/pico2_lvds_bridge.dir/C_/Users/raduco3/pico-dev/pico-sdk/lib/tinyusb/src/class/cdc/cdc_device.c.obj
                0x10004f2c                tud_cdc_n_read
 .text.tud_cdc_n_write_flush
                0x10004fc0       0x8c CMakeFiles/pico2_lvds_bridge.dir/C_/Users/raduco3/pico-dev/pico-sdk/lib/tinyusb/src/class/cdc/cdc_device.c.obj
                0x10004fc0                tud_cdc_n_write_flush
 .text.tud_cdc_n_write
                0x1000504c       0x40 CMakeFiles/pico2_lvds_bridge.dir/C_/Users/raduco3/pico-dev/pico-sdk/lib/tinyusb/src/class/cdc/cdc_device.c.obj
                0x1000504c                tud_cdc_n_write
 .text.tud_cdc_n_write_available
                0x1000508c       0x18 CMakeFiles/pico2_lvds_bridge.dir/C_/Users/raduco3/pico-dev/pico-sdk/lib/tinyusb/src/class/cdc/cdc_device.c.obj
                0x1000508c                tud_cdc_n_write_available
 .text.cdcd_init
                0x100050a4       0x78 CMakeFiles/pico2_lvds_bridge.dir/C_/Users/raduco3/pico-dev/pico-sdk/lib/tinyusb/src/class/cdc/cdc_device.c.obj
                0x100050a4                cdcd_init
 .text.cdcd_deinit
                0x1000511c       0x2c CMakeFiles/pico2_lvds_bridge.dir/C_/Users/raduco3/pico-dev/pico-sdk/lib/tinyusb/src/class/cdc/cdc_device.c.obj
                0x1000511c                cdcd_deinit
 .text.cdcd_reset
                0x10005148       0x4c CMakeFiles/pico2_lvds_bridge.dir/C_/Users/raduco3/pico-dev/pico-sdk/lib/tinyusb/src/class/cdc/cdc_device.c.obj
                0x10005148                cdcd_reset
 .text.cdcd_open
                0x10005194       0xb4 CMakeFiles/pico2_lvds_bridge.dir/C_/Users/raduco3/pico-dev/pico-sdk/lib/tinyusb/src/class/cdc/cdc_device.c.obj
                0x10005194                cdcd_open
 .text.cdcd_control_xfer_cb
                0x10005248       0xc4 CMakeFiles/pico2_lvds_bridge.dir/C_/Users/raduco3/pico-dev/pico-sdk/lib/tinyusb/src/class/cdc/cdc_device.c.obj
                0x10005248                cdcd_control_xfer_cb
 .text.cdcd_xfer_cb
                0x1000530c      0x100 CMakeFiles/pico2_lvds_bridge.dir/C_/Users/raduco3/pico-dev/pico-sdk/lib/tinyusb/src/class/cdc/cdc_device.c.obj
                0x1000530c                cdcd_xfer_cb
 .text.tusb_init
                0x1000540c       0x1c CMakeFiles/pico2_lvds_bridge.dir/C_/Users/raduco3/pico-dev/pico-sdk/lib/tinyusb/src/tusb.c.obj
                0x1000540c                tusb_init
 .text.tu_edpt_claim
                0x10005428       0x54 CMakeFiles/pico2_lvds_bridge.dir/C_/Users/raduco3/pico-dev/pico-sdk/lib/tinyusb/src/tusb.c.obj
                0x10005428                tu_edpt_claim
 .text.tu_edpt_release
                0x1000547c       0x38 CMakeFiles/pico2_lvds_bridge.dir/C_/Users/raduco3/pico-dev/pico-sdk/lib/tinyusb/src/tusb.c.obj
                0x1000547c                tu_edpt_release
 .text.tu_edpt_validate
                0x100054b4       0x64 CMakeFiles/pico2_lvds_bridge.dir/C_/Users/raduco3/pico-dev/pico-sdk/lib/tinyusb/src/tusb.c.obj
                0x100054b4                tu_edpt_validate
 .text.tu_edpt_bind_driver
                0x10005518       0x58 CMakeFiles/pico2_lvds_bridge.dir/C_/Users/raduco3/pico-dev/pico-sdk/lib/tinyusb/src/tusb.c.obj
                0x10005518                tu_edpt_bind_driver
 .text.tu_fifo_config
                0x10005570       0x60 CMakeFiles/pico2_lvds_bridge.dir/C_/Users/raduco3/pico-dev/pico-sdk/lib/tinyusb/src/common/tusb_fifo.c.obj
                0x10005570                tu_fifo_config
 .text.tu_fifo_count
                0x100055d0       0x20 CMakeFiles/pico2_lvds_bridge.dir/C_/Users/raduco3/pico-dev/pico-sdk/lib/tinyusb/src/common/tusb_fifo.c.obj
                0x100055d0                tu_fifo_count
 .text.tu_fifo_empty
                0x100055f0       0x14 CMakeFiles/pico2_lvds_bridge.dir/C_/Users/raduco3/pico-dev/pico-sdk/lib/tinyusb/src/common/tusb_fifo.c.obj
                0x100055f0                tu_fifo_empty
 .text.tu_fifo_remaining
                0x10005604       0x24 CMakeFiles/pico2_lvds_bridge.dir/C_/Users/raduco3/pico-dev/pico-sdk/lib/tinyusb/src/common/tusb_fifo.c.obj
                0x10005604                tu_fifo_remaining
 .text.tu_fifo_read
                0x10005628       0x94 CMakeFiles/pico2_lvds_bridge.dir/C_/Users/raduco3/pico-dev/pico-sdk/lib/tinyusb/src/common/tusb_fifo.c.obj
                0x10005628                tu_fifo_read
 .text.tu_fifo_read_n
                0x100056bc       0xd8 CMakeFiles/pico2_lvds_bridge.dir/C_/Users/raduco3/pico-dev/pico-sdk/lib/tinyusb/src/common/tusb_fifo.c.obj
                0x100056bc                tu_fifo_read_n
 .text.tu_fifo_write
                0x10005794       0xa0 CMakeFiles/pico2_lvds_bridge.dir/C_/Users/raduco3/pico-dev/pico-sdk/lib/tinyusb/src/common/tusb_fifo.c.obj
                0x10005794                tu_fifo_write
 .text.tu_fifo_write_n
                0x10005834      0x158 CMakeFiles/pico2_lvds_bridge.dir/C_/Users/raduco3/pico-dev/pico-sdk/lib/tinyusb/src/common/tusb_fifo.c.obj
                0x10005834                tu_fifo_write_n
 .text.tu_fifo_clear
                0x1000598c       0x38 CMakeFiles/pico2_lvds_bridge.dir/C_/Users/raduco3/pico-dev/pico-sdk/lib/tinyusb/src/common/tusb_fifo.c.obj
                0x1000598c                tu_fifo_clear
 .text.tu_fifo_set_overwritable
                0x100059c4       0x3c CMakeFiles/pico2_lvds_bridge.dir/C_/Users/raduco3/pico-dev/pico-sdk/lib/tinyusb/src/common/tusb_fifo.c.obj
                0x100059c4                tu_fifo_set_overwritable
 .text.board_init
                0x10005a00       0x14 CMakeFiles/pico2_lvds_bridge.dir/C_/Users/raduco3/pico-dev/pico-sdk/lib/tinyusb/hw/bsp/rp2040/family.c.obj
                0x10005a00                board_init
 .text.startup._retrieve_unique_id_on_boot
                0x10005a14       0x30 CMakeFiles/pico2_lvds_bridge.dir/C_/Users/raduco3/pico-dev/pico-sdk/src/rp2_common/pico_unique_id/unique_id.c.obj
 .text.atexit   0x10005a44        0xc C:/Users/raduco3/pico-dev/arm-gnu-toolchain/bin/../lib/gcc/arm-none-eabi/13.3.1/../../../../arm-none-eabi/lib/thumb/v8-m.main+fp/softfp\libg.a(libc_a-atexit.o)
                0x10005a44                atexit
 .text.memset   0x10005a50       0xa4 C:/Users/raduco3/pico-dev/arm-gnu-toolchain/bin/../lib/gcc/arm-none-eabi/13.3.1/../../../../arm-none-eabi/lib/thumb/v8-m.main+fp/softfp\libg.a(libc_a-memset.o)
                0x10005a50                memset
 .text.__libc_fini_array
                0x10005af4       0x28 C:/Users/raduco3/pico-dev/arm-gnu-toolchain/bin/../lib/gcc/arm-none-eabi/13.3.1/../../../../arm-none-eabi/lib/thumb/v8-m.main+fp/softfp\libg.a(libc_a-fini.o)
                0x10005af4                __libc_fini_array
 .text.__retarget_lock_acquire_recursive
                0x10005b1c        0x4 C:/Users/raduco3/pico-dev/arm-gnu-toolchain/bin/../lib/gcc/arm-none-eabi/13.3.1/../../../../arm-none-eabi/lib/thumb/v8-m.main+fp/softfp\libg.a(libc_a-lock.o)
                0x10005b1c                __retarget_lock_acquire_recursive
 .text.__retarget_lock_release_recursive
                0x10005b20        0x4 C:/Users/raduco3/pico-dev/arm-gnu-toolchain/bin/../lib/gcc/arm-none-eabi/13.3.1/../../../../arm-none-eabi/lib/thumb/v8-m.main+fp/softfp\libg.a(libc_a-lock.o)
                0x10005b20                __retarget_lock_release_recursive
 .text          0x10005b24       0xec C:/Users/raduco3/pico-dev/arm-gnu-toolchain/bin/../lib/gcc/arm-none-eabi/13.3.1/../../../../arm-none-eabi/lib/thumb/v8-m.main+fp/softfp\libg.a(libc_a-memcpy.o)
                0x10005b24                memcpy
 .text.strlen   0x10005c10       0x5c C:/Users/raduco3/pico-dev/arm-gnu-toolchain/bin/../lib/gcc/arm-none-eabi/13.3.1/../../../../arm-none-eabi/lib/thumb/v8-m.main+fp/softfp\libg.a(libc_a-strlen-stub.o)
                0x10005c10                strlen
 .text.__register_exitproc
                0x10005c6c       0x84 C:/Users/raduco3/pico-dev/arm-gnu-toolchain/bin/../lib/gcc/arm-none-eabi/13.3.1/../../../../arm-none-eabi/lib/thumb/v8-m.main+fp/softfp\libg.a(libc_a-__atexit.o)
                0x10005c6c                __register_exitproc
 .text.startup.register_fini
                0x10005cf0       0x14 C:/Users/raduco3/pico-dev/arm-gnu-toolchain/bin/../lib/gcc/arm-none-eabi/13.3.1/../../../../arm-none-eabi/lib/thumb/v8-m.main+fp/softfp\libg.a(libc_a-__call_atexit.o)
 *(.fini)
 .fini          0x10005d04        0x4 C:/Users/raduco3/pico-dev/arm-gnu-toolchain/bin/../lib/gcc/arm-none-eabi/13.3.1/thumb/v8-m.main+fp/softfp/crti.o
                0x10005d04                _fini
 .fini.__stub   0x10005d08       0x48 linker stubs
 *crtbegin.o(.ctors)
 *crtbegin?.o(.ctors)
 *(EXCLUDE_FILE(*crtend.o *crtend?.o) .ctors)
 *(SORT_BY_NAME(.ctors.*))
 *(.ctors)
 *crtbegin.o(.dtors)
 *crtbegin?.o(.dtors)
 *(EXCLUDE_FILE(*crtend.o *crtend?.o) .dtors)
 *(SORT_BY_NAME(.dtors.*))
 *(.dtors)
                0x10005d50                        . = ALIGN (0x4)
                0x10005d50                        PROVIDE (__preinit_array_start = .)
 *(SORT_BY_NAME(.preinit_array.*))
 .preinit_array.00050
                0x10005d50        0x4 CMakeFiles/pico2_lvds_bridge.dir/C_/Users/raduco3/pico-dev/pico-sdk/src/rp2_common/pico_runtime_init/runtime_init.c.obj
                0x10005d50                __pre_init_runtime_init_bootrom_reset
 .preinit_array.00100
                0x10005d54        0x4 CMakeFiles/pico2_lvds_bridge.dir/C_/Users/raduco3/pico-dev/pico-sdk/src/rp2_common/pico_runtime_init/runtime_init.c.obj
                0x10005d54                __pre_init_runtime_init_early_resets
 .preinit_array.00101
                0x10005d58        0x4 CMakeFiles/pico2_lvds_bridge.dir/C_/Users/raduco3/pico-dev/pico-sdk/src/rp2_common/pico_runtime_init/runtime_init.c.obj
                0x10005d58                __pre_init_runtime_init_usb_power_down
 .preinit_array.00500
                0x10005d5c        0x4 CMakeFiles/pico2_lvds_bridge.dir/C_/Users/raduco3/pico-dev/pico-sdk/src/rp2_common/pico_runtime_init/runtime_init.c.obj
                0x10005d5c                __pre_init_runtime_init_clocks
 .preinit_array.00600
                0x10005d60        0x4 CMakeFiles/pico2_lvds_bridge.dir/C_/Users/raduco3/pico-dev/pico-sdk/src/rp2_common/pico_runtime_init/runtime_init.c.obj
                0x10005d60                __pre_init_runtime_init_post_clock_resets
 .preinit_array.01000
                0x10005d64        0x4 CMakeFiles/pico2_lvds_bridge.dir/C_/Users/raduco3/pico-dev/pico-sdk/src/rp2_common/hardware_boot_lock/boot_lock.c.obj
                0x10005d64                __pre_init_runtime_init_boot_locks_reset
 .preinit_array.01000
                0x10005d68        0x4 CMakeFiles/pico2_lvds_bridge.dir/C_/Users/raduco3/pico-dev/pico-sdk/src/rp2_common/pico_runtime_init/runtime_init.c.obj
                0x10005d68                __pre_init_runtime_init_spin_locks_reset
 .preinit_array.01010
                0x10005d6c        0x4 CMakeFiles/pico2_lvds_bridge.dir/C_/Users/raduco3/pico-dev/pico-sdk/src/rp2_common/pico_bootrom/bootrom_lock.c.obj
                0x10005d6c                __pre_init_runtime_init_bootrom_locking_enable
 .preinit_array.01100
                0x10005d70        0x4 CMakeFiles/pico2_lvds_bridge.dir/C_/Users/raduco3/pico-dev/pico-sdk/src/common/pico_sync/mutex.c.obj
                0x10005d70                __pre_init_runtime_init_mutex
 .preinit_array.10080
                0x10005d74        0x4 CMakeFiles/pico2_lvds_bridge.dir/C_/Users/raduco3/pico-dev/pico-sdk/src/rp2_common/pico_runtime_init/runtime_init.c.obj
                0x10005d74                __pre_init_runtime_init_install_ram_vector_table
 .preinit_array.11000
                0x10005d78        0x4 CMakeFiles/pico2_lvds_bridge.dir/C_/Users/raduco3/pico-dev/pico-sdk/src/common/pico_time/time.c.obj
                0x10005d78                __pre_init_runtime_init_default_alarm_pool
 .preinit_array.YYYYY
                0x10005d7c        0x4 CMakeFiles/pico2_lvds_bridge.dir/C_/Users/raduco3/pico-dev/pico-sdk/src/rp2_common/pico_runtime/runtime.c.obj
                0x10005d7c                __pre_init_first_per_core_initializer
 .preinit_array.ZZZZZ.00051
                0x10005d80        0x4 CMakeFiles/pico2_lvds_bridge.dir/C_/Users/raduco3/pico-dev/pico-sdk/src/rp2_common/pico_runtime_init/runtime_init.c.obj
                0x10005d80                __pre_init_runtime_init_per_core_bootrom_reset
 .preinit_array.ZZZZZ.00200
                0x10005d84        0x4 CMakeFiles/pico2_lvds_bridge.dir/C_/Users/raduco3/pico-dev/pico-sdk/src/rp2_common/pico_runtime_init/runtime_init.c.obj
                0x10005d84                __pre_init_runtime_init_per_core_enable_coprocessors
 .preinit_array.ZZZZZ.01000
                0x10005d88        0x4 CMakeFiles/pico2_lvds_bridge.dir/C_/Users/raduco3/pico-dev/pico-sdk/src/rp2_common/hardware_sync_spin_lock/sync_spin_lock.c.obj
                0x10005d88                __pre_init_spinlock_set_extexclall
 .preinit_array.ZZZZZ.01200
                0x10005d8c        0x4 CMakeFiles/pico2_lvds_bridge.dir/C_/Users/raduco3/pico-dev/pico-sdk/src/rp2_common/hardware_irq/irq.c.obj
                0x10005d8c                __pre_init_runtime_init_per_core_irq_priorities
 *(.preinit_array)
                0x10005d90                        PROVIDE (__preinit_array_end = .)
                0x10005d90                        . = ALIGN (0x4)
                0x10005d90                        PROVIDE (__init_array_start = .)
 *(SORT_BY_NAME(.init_array.*))
 .init_array.00000
                0x10005d90        0x4 C:/Users/raduco3/pico-dev/arm-gnu-toolchain/bin/../lib/gcc/arm-none-eabi/13.3.1/../../../../arm-none-eabi/lib/thumb/v8-m.main+fp/softfp\libg.a(libc_a-__call_atexit.o)
 *(.init_array)
 .init_array    0x10005d94        0x4 C:/Users/raduco3/pico-dev/arm-gnu-toolchain/bin/../lib/gcc/arm-none-eabi/13.3.1/thumb/v8-m.main+fp/softfp/crtbegin.o
 .init_array    0x10005d98        0x4 CMakeFiles/pico2_lvds_bridge.dir/C_/Users/raduco3/pico-dev/pico-sdk/src/rp2_common/pico_unique_id/unique_id.c.obj
                0x10005d9c                        PROVIDE (__init_array_end = .)
                0x10005d9c                        . = ALIGN (0x4)
                0x10005d9c                        PROVIDE (__fini_array_start = .)
 *(SORT_BY_NAME(.fini_array.*))
 *(.fini_array)
                0x10005d9c                        PROVIDE (__fini_array_end = .)
 *(.eh_frame*)
 .eh_frame      0x10005d9c        0x0 C:/Users/raduco3/pico-dev/arm-gnu-toolchain/bin/../lib/gcc/arm-none-eabi/13.3.1/thumb/v8-m.main+fp/softfp/crtbegin.o
                0x10005d9c                        . = ALIGN (0x4)

.glue_7         0x10005d9c        0x0
 .glue_7        0x10005d9c        0x0 linker stubs

.glue_7t        0x10005d9c        0x0
 .glue_7t       0x10005d9c        0x0 linker stubs

.vfp11_veneer   0x10005d9c        0x0
 .vfp11_veneer  0x10005d9c        0x0 linker stubs

.v4_bx          0x10005d9c        0x0
 .v4_bx         0x10005d9c        0x0 linker stubs

.iplt           0x10005d9c        0x0
 .iplt          0x10005d9c        0x0 C:/Users/raduco3/pico-dev/arm-gnu-toolchain/bin/../lib/gcc/arm-none-eabi/13.3.1/thumb/v8-m.main+fp/softfp/crtbegin.o

.boot2          0x10005d9c        0x0
                0x10005d9c                        __boot2_start__ = .
 *(.boot2)
                0x10005d9c                        __boot2_end__ = .
                0x00000001                        ASSERT (((__boot2_end__ - __boot2_start__) <= 0x100), ERROR: Pico second stage bootloader must be no more than 256 bytes in size)

.rodata         0x10005da0      0x398
 *(EXCLUDE_FILE(*libm.a: *libc.a:*lib_a-mem*.o *libgcc.a:) .rodata*)
 .rodata.process_host_commands.str1.4
                0x10005da0      0x200 CMakeFiles/pico2_lvds_bridge.dir/main.c.obj
                                 0x7e (size before relaxing)
 .rodata.PROTO_OSRAM
                0x10005fa0        0xc CMakeFiles/pico2_lvds_bridge.dir/main.c.obj
 .rodata.PROTO_NICHIA
                0x10005fac        0xc CMakeFiles/pico2_lvds_bridge.dir/main.c.obj
 .rodata.uart_rx_4x_program
                0x10005fb8        0x8 CMakeFiles/pico2_lvds_bridge.dir/main.c.obj
 .rodata.uart_rx_4x_program_instructions
                0x10005fc0       0x10 CMakeFiles/pico2_lvds_bridge.dir/main.c.obj
 .rodata.uart_rx_8x_program
                0x10005fd0        0x8 CMakeFiles/pico2_lvds_bridge.dir/main.c.obj
 .rodata.uart_rx_8x_program_instructions
                0x10005fd8       0x10 CMakeFiles/pico2_lvds_bridge.dir/main.c.obj
 .rodata.str1.4
                0x10005fe8       0x39 CMakeFiles/pico2_lvds_bridge.dir/usb_descriptors.c.obj
 .rodata.string_desc_arr
                0x10005fe8       0x14 CMakeFiles/pico2_lvds_bridge.dir/usb_descriptors.c.obj
 .rodata.__compound_literal.0
                0x10005ffc        0x2 CMakeFiles/pico2_lvds_bridge.dir/usb_descriptors.c.obj
 *fill*         0x10005ffe        0x2 
 .rodata.desc_configuration
                0x10006000       0x4b CMakeFiles/pico2_lvds_bridge.dir/usb_descriptors.c.obj
                0x10006000                desc_configuration
 *fill*         0x1000604b        0x1 
 .rodata.desc_device
                0x1000604c       0x12 CMakeFiles/pico2_lvds_bridge.dir/usb_descriptors.c.obj
                0x1000604c                desc_device
 .rodata.panic.str1.4
                0x1000605e       0x12 CMakeFiles/pico2_lvds_bridge.dir/C_/Users/raduco3/pico-dev/pico-sdk/src/rp2_common/pico_platform_panic/panic.c.obj
 .rodata.spin_lock_claim_unused.str1.4
                0x1000605e       0x1b CMakeFiles/pico2_lvds_bridge.dir/C_/Users/raduco3/pico-dev/pico-sdk/src/rp2_common/hardware_sync/sync.c.obj
 .rodata.timer_hardware_alarm_claim.str1.4
                0x1000605e       0x22 CMakeFiles/pico2_lvds_bridge.dir/C_/Users/raduco3/pico-dev/pico-sdk/src/rp2_common/hardware_timer/timer.c.obj
 .rodata.hard_assertion_failure.str1.4
                0x1000605e        0xc CMakeFiles/pico2_lvds_bridge.dir/C_/Users/raduco3/pico-dev/pico-sdk/src/rp2_common/pico_runtime/runtime.c.obj
 .rodata.str1.4
                0x1000605e       0x48 CMakeFiles/pico2_lvds_bridge.dir/C_/Users/raduco3/pico-dev/pico-sdk/src/rp2_common/pico_standard_binary_info/standard_binary_info.c.obj
 *fill*         0x1000605e        0x2 
 .rodata.__bi_84
                0x10006060        0xc CMakeFiles/pico2_lvds_bridge.dir/C_/Users/raduco3/pico-dev/pico-sdk/src/rp2_common/pico_standard_binary_info/standard_binary_info.c.obj
 .rodata.__bi_78
                0x1000606c        0xc CMakeFiles/pico2_lvds_bridge.dir/C_/Users/raduco3/pico-dev/pico-sdk/src/rp2_common/pico_standard_binary_info/standard_binary_info.c.obj
 .rodata.__bi_54
                0x10006078        0xc CMakeFiles/pico2_lvds_bridge.dir/C_/Users/raduco3/pico-dev/pico-sdk/src/rp2_common/pico_standard_binary_info/standard_binary_info.c.obj
 .rodata.__bi_48
                0x10006084        0xc CMakeFiles/pico2_lvds_bridge.dir/C_/Users/raduco3/pico-dev/pico-sdk/src/rp2_common/pico_standard_binary_info/standard_binary_info.c.obj
 .rodata.__bi_42
                0x10006090        0xc CMakeFiles/pico2_lvds_bridge.dir/C_/Users/raduco3/pico-dev/pico-sdk/src/rp2_common/pico_standard_binary_info/standard_binary_info.c.obj
 .rodata.__bi_34
                0x1000609c        0xc CMakeFiles/pico2_lvds_bridge.dir/C_/Users/raduco3/pico-dev/pico-sdk/src/rp2_common/pico_standard_binary_info/standard_binary_info.c.obj
 .rodata.__bi_26
                0x100060a8        0xc CMakeFiles/pico2_lvds_bridge.dir/C_/Users/raduco3/pico-dev/pico-sdk/src/rp2_common/pico_standard_binary_info/standard_binary_info.c.obj
 .rodata._ftoa.str1.4
                0x100060b4       0x15 CMakeFiles/pico2_lvds_bridge.dir/C_/Users/raduco3/pico-dev/pico-sdk/src/rp2_common/pico_printf/printf.c.obj
 *fill*         0x100060b4        0x4 
 .rodata.pow10.0
                0x100060b8       0x50 CMakeFiles/pico2_lvds_bridge.dir/C_/Users/raduco3/pico-dev/pico-sdk/src/rp2_common/pico_printf/printf.c.obj
 .rodata.crlf_str.0
                0x10006108        0x2 CMakeFiles/pico2_lvds_bridge.dir/C_/Users/raduco3/pico-dev/pico-sdk/src/rp2_common/pico_stdio/stdio.c.obj
 .rodata.dma_claim_unused_channel.str1.4
                0x1000610a       0x1e CMakeFiles/pico2_lvds_bridge.dir/C_/Users/raduco3/pico-dev/pico-sdk/src/rp2_common/hardware_dma/dma.c.obj
 .rodata.str1.4
                0x1000610a       0x14 CMakeFiles/pico2_lvds_bridge.dir/C_/Users/raduco3/pico-dev/pico-sdk/lib/tinyusb/src/portable/raspberrypi/rp2040/dcd_rp2040.c.obj
 .rodata.str1.4
                0x1000610a       0x48 CMakeFiles/pico2_lvds_bridge.dir/C_/Users/raduco3/pico-dev/pico-sdk/lib/tinyusb/src/portable/raspberrypi/rp2040/rp2040_usb.c.obj
 *fill*         0x1000610a        0x2 
 .rodata._usbd_driver
                0x1000610c       0x20 CMakeFiles/pico2_lvds_bridge.dir/C_/Users/raduco3/pico-dev/pico-sdk/lib/tinyusb/src/device/usbd.c.obj
 .rodata.str1.4
                0x1000612c        0x4 CMakeFiles/pico2_lvds_bridge.dir/C_/Users/raduco3/pico-dev/pico-sdk/lib/tinyusb/hw/bsp/rp2040/family.c.obj
 .rodata.__bi_147.0
                0x1000612c        0xc CMakeFiles/pico2_lvds_bridge.dir/C_/Users/raduco3/pico-dev/pico-sdk/lib/tinyusb/hw/bsp/rp2040/family.c.obj
 *(.srodata*)
                0x10006138                        . = ALIGN (0x4)
 *(SORT_BY_ALIGNMENT(SORT_BY_NAME(.flashdata*)))
                0x10006138                        . = ALIGN (0x4)

.ARM.extab
 *(.ARM.extab* .gnu.linkonce.armextab.*)
                0x10006138                        __exidx_start = .

.ARM.exidx      0x10006138        0x8
 *(.ARM.exidx* .gnu.linkonce.armexidx.*)
 .ARM.exidx     0x10006138        0x8 C:/Users/raduco3/pico-dev/arm-gnu-toolchain/bin/../lib/gcc/arm-none-eabi/13.3.1/../../../../arm-none-eabi/lib/thumb/v8-m.main+fp/softfp\libg.a(libc_a-memcpy.o)
 .ARM.exidx.text.__udivmoddi4
                0x10006140        0x0 C:/Users/raduco3/pico-dev/arm-gnu-toolchain/bin/../lib/gcc/arm-none-eabi/13.3.1/thumb/v8-m.main+fp/softfp\libgcc.a(_udivmoddi4.o)
                                  0x8 (size before relaxing)
                0x10006140                        __exidx_end = .
                0x10006140                        . = ALIGN (0x4)
                0x10006140                        __binary_info_start = .

.binary_info    0x10006140       0x20
 *(.binary_info.keep.*)
 .binary_info.keep.__bi_ptr84
                0x10006140        0x4 CMakeFiles/pico2_lvds_bridge.dir/C_/Users/raduco3/pico-dev/pico-sdk/src/rp2_common/pico_standard_binary_info/standard_binary_info.c.obj
 .binary_info.keep.__bi_ptr78
                0x10006144        0x4 CMakeFiles/pico2_lvds_bridge.dir/C_/Users/raduco3/pico-dev/pico-sdk/src/rp2_common/pico_standard_binary_info/standard_binary_info.c.obj
 .binary_info.keep.__bi_ptr54
                0x10006148        0x4 CMakeFiles/pico2_lvds_bridge.dir/C_/Users/raduco3/pico-dev/pico-sdk/src/rp2_common/pico_standard_binary_info/standard_binary_info.c.obj
 .binary_info.keep.__bi_ptr48
                0x1000614c        0x4 CMakeFiles/pico2_lvds_bridge.dir/C_/Users/raduco3/pico-dev/pico-sdk/src/rp2_common/pico_standard_binary_info/standard_binary_info.c.obj
 .binary_info.keep.__bi_ptr42
                0x10006150        0x4 CMakeFiles/pico2_lvds_bridge.dir/C_/Users/raduco3/pico-dev/pico-sdk/src/rp2_common/pico_standard_binary_info/standard_binary_info.c.obj
 .binary_info.keep.__bi_ptr34
                0x10006154        0x4 CMakeFiles/pico2_lvds_bridge.dir/C_/Users/raduco3/pico-dev/pico-sdk/src/rp2_common/pico_standard_binary_info/standard_binary_info.c.obj
 .binary_info.keep.__bi_ptr26
                0x10006158        0x4 CMakeFiles/pico2_lvds_bridge.dir/C_/Users/raduco3/pico-dev/pico-sdk/src/rp2_common/pico_standard_binary_info/standard_binary_info.c.obj
 .binary_info.keep.__bi_ptr147
                0x1000615c        0x4 CMakeFiles/pico2_lvds_bridge.dir/C_/Users/raduco3/pico-dev/pico-sdk/lib/tinyusb/hw/bsp/rp2040/family.c.obj
 *(.binary_info.*)
                0x10006160                        __binary_info_end = .
                0x10006160                        . = ALIGN (0x4)

.ram_vector_table
                0x20000000      0x110
 *(.ram_vector_table)
 .ram_vector_table
                0x20000000      0x110 CMakeFiles/pico2_lvds_bridge.dir/C_/Users/raduco3/pico-dev/pico-sdk/src/rp2_common/pico_runtime_init/runtime_init.c.obj
                0x20000000                ram_vector_table

.uninitialized_data
                0x20000110        0x0
                0x20000110                        . = ALIGN (0x4)
 *(.uninitialized_data*)

.data           0x20000110     0x10a0 load address 0x10006160
                0x20000110                        __data_start__ = .
 *(vtable)
 *(.time_critical*)
 .time_critical.mutex_enter_block_until
                0x20000110       0x70 CMakeFiles/pico2_lvds_bridge.dir/C_/Users/raduco3/pico-dev/pico-sdk/src/common/pico_sync/mutex.c.obj
                0x20000110                mutex_enter_block_until
 .time_critical.mutex_try_enter_block_until
                0x20000180       0x6c CMakeFiles/pico2_lvds_bridge.dir/C_/Users/raduco3/pico-dev/pico-sdk/src/common/pico_sync/mutex.c.obj
                0x20000180                mutex_try_enter_block_until
 .time_critical.mutex_enter_timeout_ms
                0x200001ec       0x38 CMakeFiles/pico2_lvds_bridge.dir/C_/Users/raduco3/pico-dev/pico-sdk/src/common/pico_sync/mutex.c.obj
                0x200001ec                mutex_enter_timeout_ms
 .time_critical.mutex_exit
                0x20000224       0x3c CMakeFiles/pico2_lvds_bridge.dir/C_/Users/raduco3/pico-dev/pico-sdk/src/common/pico_sync/mutex.c.obj
                0x20000224                mutex_exit
 .time_critical.reset_non_control_endpoints
                0x20000260       0x64 CMakeFiles/pico2_lvds_bridge.dir/C_/Users/raduco3/pico-dev/pico-sdk/lib/tinyusb/src/portable/raspberrypi/rp2040/dcd_rp2040.c.obj
 .time_critical.hw_handle_buff_status
                0x200002c4       0x98 CMakeFiles/pico2_lvds_bridge.dir/C_/Users/raduco3/pico-dev/pico-sdk/lib/tinyusb/src/portable/raspberrypi/rp2040/dcd_rp2040.c.obj
 .time_critical.dcd_rp2040_irq
                0x2000035c      0x540 CMakeFiles/pico2_lvds_bridge.dir/C_/Users/raduco3/pico-dev/pico-sdk/lib/tinyusb/src/portable/raspberrypi/rp2040/dcd_rp2040.c.obj
 .time_critical.prepare_ep_buffer
                0x2000089c       0xd0 CMakeFiles/pico2_lvds_bridge.dir/C_/Users/raduco3/pico-dev/pico-sdk/lib/tinyusb/src/portable/raspberrypi/rp2040/rp2040_usb.c.obj
 .time_critical.sync_ep_buffer
                0x2000096c       0xb8 CMakeFiles/pico2_lvds_bridge.dir/C_/Users/raduco3/pico-dev/pico-sdk/lib/tinyusb/src/portable/raspberrypi/rp2040/rp2040_usb.c.obj
 .time_critical._hw_endpoint_xfer_sync
                0x20000a24       0x2c CMakeFiles/pico2_lvds_bridge.dir/C_/Users/raduco3/pico-dev/pico-sdk/lib/tinyusb/src/portable/raspberrypi/rp2040/rp2040_usb.c.obj
 .time_critical.e15_is_bulkin_ep
                0x20000a50       0x28 CMakeFiles/pico2_lvds_bridge.dir/C_/Users/raduco3/pico-dev/pico-sdk/lib/tinyusb/src/portable/raspberrypi/rp2040/rp2040_usb.c.obj
 .time_critical.e15_is_critical_frame_period
                0x20000a78       0x28 CMakeFiles/pico2_lvds_bridge.dir/C_/Users/raduco3/pico-dev/pico-sdk/lib/tinyusb/src/portable/raspberrypi/rp2040/rp2040_usb.c.obj
 .time_critical.hw_endpoint_reset_transfer
                0x20000aa0        0xc CMakeFiles/pico2_lvds_bridge.dir/C_/Users/raduco3/pico-dev/pico-sdk/lib/tinyusb/src/portable/raspberrypi/rp2040/rp2040_usb.c.obj
                0x20000aa0                hw_endpoint_reset_transfer
 .time_critical._hw_endpoint_buffer_control_update32
                0x20000aac       0x44 CMakeFiles/pico2_lvds_bridge.dir/C_/Users/raduco3/pico-dev/pico-sdk/lib/tinyusb/src/portable/raspberrypi/rp2040/rp2040_usb.c.obj
                0x20000aac                _hw_endpoint_buffer_control_update32
 .time_critical.hw_endpoint_start_next_buffer
                0x20000af0       0x64 CMakeFiles/pico2_lvds_bridge.dir/C_/Users/raduco3/pico-dev/pico-sdk/lib/tinyusb/src/portable/raspberrypi/rp2040/rp2040_usb.c.obj
                0x20000af0                hw_endpoint_start_next_buffer
 .time_critical.hw_endpoint_xfer_continue
                0x20000b54       0x3c CMakeFiles/pico2_lvds_bridge.dir/C_/Users/raduco3/pico-dev/pico-sdk/lib/tinyusb/src/portable/raspberrypi/rp2040/rp2040_usb.c.obj
                0x20000b54                hw_endpoint_xfer_continue
 .time_critical.tinyusb
                0x20000b90      0x218 CMakeFiles/pico2_lvds_bridge.dir/C_/Users/raduco3/pico-dev/pico-sdk/lib/tinyusb/src/device/usbd.c.obj
                0x20000b90                dcd_event_handler
 *(.text*)
 .text          0x20000da8       0x30 C:/Users/raduco3/pico-dev/arm-gnu-toolchain/bin/../lib/gcc/arm-none-eabi/13.3.1/thumb/v8-m.main+fp/softfp\libgcc.a(_aeabi_uldivmod.o)
                0x20000da8                __aeabi_uldivmod
 .text.__udivmoddi4
                0x20000dd8      0x300 C:/Users/raduco3/pico-dev/arm-gnu-toolchain/bin/../lib/gcc/arm-none-eabi/13.3.1/thumb/v8-m.main+fp/softfp\libgcc.a(_udivmoddi4.o)
                0x20000dd8                __udivmoddi4
 .text          0x200010d8        0x4 C:/Users/raduco3/pico-dev/arm-gnu-toolchain/bin/../lib/gcc/arm-none-eabi/13.3.1/thumb/v8-m.main+fp/softfp\libgcc.a(_dvmd_tls.o)
                0x200010d8                __aeabi_idiv0
                0x200010d8                __aeabi_ldiv0
 *fill*         0x200010dc        0x4 
 .text.__stub   0x200010e0       0x30 linker stubs
                0x20001110                        . = ALIGN (0x4)
 *(.rodata*)
                0x20001110                        . = ALIGN (0x4)
 *(.data*)
 .data.prev_row
                0x20001110        0x4 CMakeFiles/pico2_lvds_bridge.dir/main.c.obj
 .data.asm_fb   0x20001114        0x4 CMakeFiles/pico2_lvds_bridge.dir/main.c.obj
 .data.dma_chan
                0x20001118        0x4 CMakeFiles/pico2_lvds_bridge.dir/main.c.obj
 .data.proto    0x2000111c        0x4 CMakeFiles/pico2_lvds_bridge.dir/main.c.obj
 .data.striped_spin_lock_num
                0x20001120        0x1 CMakeFiles/pico2_lvds_bridge.dir/C_/Users/raduco3/pico-dev/pico-sdk/src/rp2_common/hardware_sync/sync.c.obj
 *fill*         0x20001121        0x3 
 .data          0x20001124       0x48 CMakeFiles/pico2_lvds_bridge.dir/C_/Users/raduco3/pico-dev/pico-sdk/src/rp2_common/hardware_irq/irq_handler_chain.S.obj
                0x20001124                irq_handler_chain_slots
                0x20001154                irq_handler_chain_first_slot
                0x2000115e                irq_handler_chain_remove_tail
 .data.default_alarm_pool
                0x2000116c       0x18 CMakeFiles/pico2_lvds_bridge.dir/C_/Users/raduco3/pico-dev/pico-sdk/src/common/pico_time/time.c.obj
 .data._usbd_qdef
                0x20001184       0x1c CMakeFiles/pico2_lvds_bridge.dir/C_/Users/raduco3/pico-dev/pico-sdk/lib/tinyusb/src/device/usbd.c.obj
                0x20001184                _usbd_qdef
 .data._usbd_rhport
                0x200011a0        0x1 CMakeFiles/pico2_lvds_bridge.dir/C_/Users/raduco3/pico-dev/pico-sdk/lib/tinyusb/src/device/usbd.c.obj
 *fill*         0x200011a1        0x3 
 .data.__atexit_recursive_mutex
                0x200011a4        0x4 C:/Users/raduco3/pico-dev/arm-gnu-toolchain/bin/../lib/gcc/arm-none-eabi/13.3.1/../../../../arm-none-eabi/lib/thumb/v8-m.main+fp/softfp\libg.a(libc_a-__call_atexit.o)
                0x200011a4                __atexit_recursive_mutex
 *(.sdata*)
                0x200011a8                        . = ALIGN (0x4)
 *(.after_data.*)
                0x200011a8                        . = ALIGN (0x4)
                0x200011a8                        PROVIDE (__mutex_array_start = .)
 *(SORT_BY_NAME(.mutex_array.*))
 *(.mutex_array)
 .mutex_array   0x200011a8        0x8 CMakeFiles/pico2_lvds_bridge.dir/C_/Users/raduco3/pico-dev/pico-sdk/src/rp2_common/pico_stdio/stdio.c.obj
                0x200011b0                        PROVIDE (__mutex_array_end = .)
 *(.jcr)
                0x200011b0                        . = ALIGN (0x4)

.igot.plt       0x200011b0        0x0 load address 0x10007200
 .igot.plt      0x200011b0        0x0 C:/Users/raduco3/pico-dev/arm-gnu-toolchain/bin/../lib/gcc/arm-none-eabi/13.3.1/thumb/v8-m.main+fp/softfp/crtbegin.o

.tdata          0x200011b0        0x0 load address 0x10007200
                0x200011b0                        . = ALIGN (0x4)
 *(.tdata .tdata.* .gnu.linkonce.td.*)
                0x200011b0                        __tdata_end = .
                0x200011b0                        PROVIDE (__data_end__ = .)
                0x10006160                        __etext = LOADADDR (.data)

.tbss           0x200011b0        0x0 load address 0x10007200
                0x200011b0                        . = ALIGN (0x4)
                0x200011b0                        __bss_start__ = .
                0x200011b0                        __tls_base = .
 *(.tbss .tbss.* .gnu.linkonce.tb.*)
 *(.tcommon)
                0x200011b0                        __tls_end = .

.bss            0x20008000    0x18248 load address 0x10007200
                0x20008000                        . = ALIGN (0x4)
                0x20008000                        __tbss_end = .
 *(SORT_BY_ALIGNMENT(SORT_BY_NAME(.bss*)))
 .bss.ring_buf  0x20008000     0x8000 CMakeFiles/pico2_lvds_bridge.dir/main.c.obj
 .bss._cdcd_itf
                0x20010000     0x22c8 CMakeFiles/pico2_lvds_bridge.dir/C_/Users/raduco3/pico-dev/pico-sdk/lib/tinyusb/src/class/cdc/cdc_device.c.obj
 .bss.default_alarm_pool_entries
                0x200122c8      0x180 CMakeFiles/pico2_lvds_bridge.dir/C_/Users/raduco3/pico-dev/pico-sdk/src/common/pico_time/time.c.obj
 .bss.__atexit  0x20012448        0x4 C:/Users/raduco3/pico-dev/arm-gnu-toolchain/bin/../lib/gcc/arm-none-eabi/13.3.1/../../../../arm-none-eabi/lib/thumb/v8-m.main+fp/softfp\libg.a(libc_a-__call_atexit.o)
                0x20012448                __atexit
 .bss.__atexit0
                0x2001244c      0x190 C:/Users/raduco3/pico-dev/arm-gnu-toolchain/bin/../lib/gcc/arm-none-eabi/13.3.1/../../../../arm-none-eabi/lib/thumb/v8-m.main+fp/softfp\libg.a(libc_a-__atexit.o)
                0x2001244c                __atexit0
 .bss.__lock___atexit_recursive_mutex
                0x200125dc        0x1 C:/Users/raduco3/pico-dev/arm-gnu-toolchain/bin/../lib/gcc/arm-none-eabi/13.3.1/../../../../arm-none-eabi/lib/thumb/v8-m.main+fp/softfp\libg.a(libc_a-lock.o)
                0x200125dc                __lock___atexit_recursive_mutex
 *fill*         0x200125dd        0x3 
 .bss._app_driver
                0x200125e0        0x4 CMakeFiles/pico2_lvds_bridge.dir/C_/Users/raduco3/pico-dev/pico-sdk/lib/tinyusb/src/device/usbd.c.obj
 .bss._cdcd_fifo_cfg
                0x200125e4        0x1 CMakeFiles/pico2_lvds_bridge.dir/C_/Users/raduco3/pico-dev/pico-sdk/lib/tinyusb/src/class/cdc/cdc_device.c.obj
 *fill*         0x200125e5        0x3 
 .bss._ctrl_xfer
                0x200125e8       0x14 CMakeFiles/pico2_lvds_bridge.dir/C_/Users/raduco3/pico-dev/pico-sdk/lib/tinyusb/src/device/usbd_control.c.obj
 .bss._desc_str
                0x200125fc       0x40 CMakeFiles/pico2_lvds_bridge.dir/usb_descriptors.c.obj
 .bss._sw_spin_locks
                0x2001263c       0x20 CMakeFiles/pico2_lvds_bridge.dir/C_/Users/raduco3/pico-dev/pico-sdk/src/rp2_common/hardware_sync_spin_lock/sync_spin_lock.c.obj
                0x2001263c                _sw_spin_locks
 .bss._ubsd_mutexdef
                0x2001265c        0x8 CMakeFiles/pico2_lvds_bridge.dir/C_/Users/raduco3/pico-dev/pico-sdk/lib/tinyusb/src/device/usbd.c.obj
 .bss._usbd_ctrl_buf
                0x20012664       0x40 CMakeFiles/pico2_lvds_bridge.dir/C_/Users/raduco3/pico-dev/pico-sdk/lib/tinyusb/src/device/usbd_control.c.obj
 .bss._usbd_dev
                0x200126a4       0x54 CMakeFiles/pico2_lvds_bridge.dir/C_/Users/raduco3/pico-dev/pico-sdk/lib/tinyusb/src/device/usbd.c.obj
 .bss._usbd_mutex
                0x200126f8        0x4 CMakeFiles/pico2_lvds_bridge.dir/C_/Users/raduco3/pico-dev/pico-sdk/lib/tinyusb/src/device/usbd.c.obj
 .bss._usbd_q   0x200126fc        0x4 CMakeFiles/pico2_lvds_bridge.dir/C_/Users/raduco3/pico-dev/pico-sdk/lib/tinyusb/src/device/usbd.c.obj
 .bss._usbd_qdef_buf
                0x20012700       0xc0 CMakeFiles/pico2_lvds_bridge.dir/C_/Users/raduco3/pico-dev/pico-sdk/lib/tinyusb/src/device/usbd.c.obj
                0x20012700                _usbd_qdef_buf
 .bss._used_instruction_space
                0x200127c0        0xc CMakeFiles/pico2_lvds_bridge.dir/C_/Users/raduco3/pico-dev/pico-sdk/src/rp2_common/hardware_pio/pio.c.obj
 .bss.claimed   0x200127cc        0x4 CMakeFiles/pico2_lvds_bridge.dir/C_/Users/raduco3/pico-dev/pico-sdk/src/rp2_common/hardware_sync/sync.c.obj
 .bss.claimed   0x200127d0        0x2 CMakeFiles/pico2_lvds_bridge.dir/C_/Users/raduco3/pico-dev/pico-sdk/src/rp2_common/hardware_timer/timer.c.obj
 *fill*         0x200127d2        0x2 
 .bss.configured_freq
                0x200127d4       0x28 CMakeFiles/pico2_lvds_bridge.dir/C_/Users/raduco3/pico-dev/pico-sdk/src/rp2_common/hardware_clocks/clocks.c.obj
 .bss.crc16_table
                0x200127fc      0x200 CMakeFiles/pico2_lvds_bridge.dir/main.c.obj
 .bss.crc_errors
                0x200129fc        0x4 CMakeFiles/pico2_lvds_bridge.dir/main.c.obj
 .bss.crc_ok_lines
                0x20012a00        0x4 CMakeFiles/pico2_lvds_bridge.dir/main.c.obj
 .bss.drivers   0x20012a04        0x4 CMakeFiles/pico2_lvds_bridge.dir/C_/Users/raduco3/pico-dev/pico-sdk/src/rp2_common/pico_stdio/stdio.c.obj
 .bss.e15_last_sof
                0x20012a08        0x4 CMakeFiles/pico2_lvds_bridge.dir/C_/Users/raduco3/pico-dev/pico-sdk/lib/tinyusb/src/portable/raspberrypi/rp2040/rp2040_usb.c.obj
                0x20012a08                e15_last_sof
 .bss.fb_a      0x20012a0c     0x6900 CMakeFiles/pico2_lvds_bridge.dir/main.c.obj
 .bss.fb_b      0x2001930c     0x6900 CMakeFiles/pico2_lvds_bridge.dir/main.c.obj
 .bss.filter    0x2001fc0c        0x4 CMakeFiles/pico2_lvds_bridge.dir/C_/Users/raduco3/pico-dev/pico-sdk/src/rp2_common/pico_stdio/stdio.c.obj
 .bss.frames_dropped
                0x2001fc10        0x4 CMakeFiles/pico2_lvds_bridge.dir/main.c.obj
 .bss.frames_sent
                0x2001fc14        0x4 CMakeFiles/pico2_lvds_bridge.dir/main.c.obj
 .bss.fw_frame_id
                0x2001fc18        0x4 CMakeFiles/pico2_lvds_bridge.dir/main.c.obj
 .bss.gap_budget
                0x2001fc1c        0x4 CMakeFiles/pico2_lvds_bridge.dir/main.c.obj
 .bss.gap_bytes_total
                0x2001fc20        0x4 CMakeFiles/pico2_lvds_bridge.dir/main.c.obj
 .bss.gap_resyncs
                0x2001fc24        0x4 CMakeFiles/pico2_lvds_bridge.dir/main.c.obj
 .bss.hw_endpoints
                0x2001fc28      0x400 CMakeFiles/pico2_lvds_bridge.dir/C_/Users/raduco3/pico-dev/pico-sdk/lib/tinyusb/src/portable/raspberrypi/rp2040/dcd_rp2040.c.obj
 .bss.last_led_time
                0x20020028        0x4 CMakeFiles/pico2_lvds_bridge.dir/main.c.obj
 .bss.lazy_vsnprintf
                0x2002002c        0x4 CMakeFiles/pico2_lvds_bridge.dir/C_/Users/raduco3/pico-dev/pico-sdk/src/rp2_common/pico_printf/printf.c.obj
 .bss.line_data
                0x20020030      0x144 CMakeFiles/pico2_lvds_bridge.dir/main.c.obj
 .bss.line_placed
                0x20020174       0x54 CMakeFiles/pico2_lvds_bridge.dir/main.c.obj
 .bss.line_pos  0x200201c8        0x4 CMakeFiles/pico2_lvds_bridge.dir/main.c.obj
 .bss.lines_placed
                0x200201cc        0x4 CMakeFiles/pico2_lvds_bridge.dir/main.c.obj
 .bss.max_fill  0x200201d0        0x4 CMakeFiles/pico2_lvds_bridge.dir/main.c.obj
 .bss.next_buffer_ptr
                0x200201d4        0x4 CMakeFiles/pico2_lvds_bridge.dir/C_/Users/raduco3/pico-dev/pico-sdk/lib/tinyusb/src/portable/raspberrypi/rp2040/dcd_rp2040.c.obj
 .bss.object.0  0x200201d8       0x18 C:/Users/raduco3/pico-dev/arm-gnu-toolchain/bin/../lib/gcc/arm-none-eabi/13.3.1/thumb/v8-m.main+fp/softfp/crtbegin.o
 .bss.pools     0x200201f0       0x20 CMakeFiles/pico2_lvds_bridge.dir/C_/Users/raduco3/pico-dev/pico-sdk/src/common/pico_time/time.c.obj
 .bss.retrieved_id
                0x20020210        0x8 CMakeFiles/pico2_lvds_bridge.dir/C_/Users/raduco3/pico-dev/pico-sdk/src/rp2_common/pico_unique_id/unique_id.c.obj
 .bss.ring_rd   0x20020218        0x4 CMakeFiles/pico2_lvds_bridge.dir/main.c.obj
 .bss.row_seq_skip
                0x2002021c        0x4 CMakeFiles/pico2_lvds_bridge.dir/main.c.obj
 .bss.send_fb   0x20020220        0x4 CMakeFiles/pico2_lvds_bridge.dir/main.c.obj
 .bss.send_hdr  0x20020224        0x8 CMakeFiles/pico2_lvds_bridge.dir/main.c.obj
 .bss.send_offset
                0x2002022c        0x4 CMakeFiles/pico2_lvds_bridge.dir/main.c.obj
 .bss.send_total
                0x20020230        0x4 CMakeFiles/pico2_lvds_bridge.dir/main.c.obj
 .bss.sleep_notifier
                0x20020234        0x4 CMakeFiles/pico2_lvds_bridge.dir/C_/Users/raduco3/pico-dev/pico-sdk/src/common/pico_time/time.c.obj
 .bss.total_usb_bytes
                0x20020238        0x4 CMakeFiles/pico2_lvds_bridge.dir/main.c.obj
 .bss._claimed  0x2002023c        0x2 CMakeFiles/pico2_lvds_bridge.dir/C_/Users/raduco3/pico-dev/pico-sdk/src/rp2_common/hardware_dma/dma.c.obj
 .bss._app_driver_count
                0x2002023e        0x1 CMakeFiles/pico2_lvds_bridge.dir/C_/Users/raduco3/pico-dev/pico-sdk/lib/tinyusb/src/device/usbd.c.obj
 .bss._sof_enable
                0x2002023f        0x1 CMakeFiles/pico2_lvds_bridge.dir/C_/Users/raduco3/pico-dev/pico-sdk/lib/tinyusb/src/portable/raspberrypi/rp2040/dcd_rp2040.c.obj
 .bss._usbd_queued_setup
                0x20020240        0x1 CMakeFiles/pico2_lvds_bridge.dir/C_/Users/raduco3/pico-dev/pico-sdk/lib/tinyusb/src/device/usbd.c.obj
 .bss.current_mode
                0x20020241        0x1 CMakeFiles/pico2_lvds_bridge.dir/main.c.obj
 .bss.frame_locked
                0x20020242        0x1 CMakeFiles/pico2_lvds_bridge.dir/main.c.obj
 .bss.irq_handler_chain_free_slot_head
                0x20020243        0x1 CMakeFiles/pico2_lvds_bridge.dir/C_/Users/raduco3/pico-dev/pico-sdk/src/rp2_common/hardware_irq/irq.c.obj
 .bss.led_state
                0x20020244        0x1 CMakeFiles/pico2_lvds_bridge.dir/main.c.obj
 .bss.ps        0x20020245        0x1 CMakeFiles/pico2_lvds_bridge.dir/main.c.obj
 *(COMMON)
                [!provide]                        PROVIDE (__global_pointer$ = (. + 0x800))
 *(.sbss*)
                0x20020248                        . = ALIGN (0x4)
 *fill*         0x20020246        0x2 
                0x20020248                        __bss_end__ = .

.heap           0x20020248      0x800 load address 0x10007200
                0x20020248                        __end__ = .
                0x20020248                        end = __end__
 *(.heap*)
 .heap          0x20020248      0x800 CMakeFiles/pico2_lvds_bridge.dir/C_/Users/raduco3/pico-dev/pico-sdk/src/rp2_common/pico_crt0/crt0.S.obj
                0x20080000                        __HeapLimit = (ORIGIN (RAM) + LENGTH (RAM))

.scratch_x      0x20080000        0x0 load address 0x10007200
                0x20080000                        __scratch_x_start__ = .
 *(.scratch_x.*)
                0x20080000                        . = ALIGN (0x4)
                0x20080000                        __scratch_x_end__ = .
                0x10007200                        __scratch_x_source__ = LOADADDR (.scratch_x)

.scratch_y      0x20081000        0x0 load address 0x10007200
                0x20081000                        __scratch_y_start__ = .
 *(.scratch_y.*)
                0x20081000                        . = ALIGN (0x4)
                0x20081000                        __scratch_y_end__ = .
                0x10007200                        __scratch_y_source__ = LOADADDR (.scratch_y)

.stack1_dummy
 *(.stack1*)

.stack_dummy    0x20081000      0x800
 *(.stack*)
 .stack         0x20081000      0x800 CMakeFiles/pico2_lvds_bridge.dir/C_/Users/raduco3/pico-dev/pico-sdk/src/rp2_common/pico_crt0/crt0.S.obj

.flash_end      0x10007200       0x14
 *(.embedded_end_block*)
 .embedded_end_block
                0x10007200       0x14 CMakeFiles/pico2_lvds_bridge.dir/C_/Users/raduco3/pico-dev/pico-sdk/src/rp2_common/pico_crt0/crt0.S.obj
                0x10007214                        PROVIDE (__flash_binary_end = .)
                0x20080000                        __StackLimit = (ORIGIN (RAM) + LENGTH (RAM))
                0x20081000                        __StackOneTop = (ORIGIN (SCRATCH_X) + LENGTH (SCRATCH_X))
                0x20082000                        __StackTop = (ORIGIN (SCRATCH_Y) + LENGTH (SCRATCH_Y))
                0x20081000                        __StackOneBottom = (__StackOneTop - SIZEOF (.stack1_dummy))
                0x20081800                        __StackBottom = (__StackTop - SIZEOF (.stack_dummy))
                0x20082000                        PROVIDE (__stack = __StackTop)
                [!provide]                        PROVIDE (__heap_start = __end__)
                [!provide]                        PROVIDE (__heap_end = __HeapLimit)
                [!provide]                        PROVIDE (__tls_align = MAX (ALIGNOF (.tdata), ALIGNOF (.tbss)))
                [!provide]                        PROVIDE (__tls_size_align = (((__tls_size + __tls_align) - 0x1) & ~ ((__tls_align - 0x1))))
                [!provide]                        PROVIDE (__arm32_tls_tcb_offset = MAX (0x8, __tls_align))
                [!provide]                        PROVIDE (_end = __end__)
                [!provide]                        PROVIDE (__llvm_libc_heap_limit = __HeapLimit)
                0x00000001                        ASSERT ((__StackLimit >= __HeapLimit), region RAM overflowed)
                0x00000001                        ASSERT (((__binary_info_header_end - __logical_binary_start) <= 0x400), Binary info must be in first 1024 bytes of the binary)
                0x00000001                        ASSERT (((__embedded_block_end - __logical_binary_start) <= 0x1000), Embedded block must be in first 4096 bytes of the binary)
LOAD CMakeFiles/pico2_lvds_bridge.dir/main.c.obj
LOAD CMakeFiles/pico2_lvds_bridge.dir/usb_descriptors.c.obj
LOAD CMakeFiles/pico2_lvds_bridge.dir/C_/Users/raduco3/pico-dev/pico-sdk/src/rp2_common/pico_stdlib/stdlib.c.obj
LOAD CMakeFiles/pico2_lvds_bridge.dir/C_/Users/raduco3/pico-dev/pico-sdk/src/rp2_common/hardware_gpio/gpio.c.obj
LOAD CMakeFiles/pico2_lvds_bridge.dir/C_/Users/raduco3/pico-dev/pico-sdk/src/rp2350/pico_platform/platform.c.obj
LOAD CMakeFiles/pico2_lvds_bridge.dir/C_/Users/raduco3/pico-dev/pico-sdk/src/rp2_common/pico_platform_panic/panic.c.obj
LOAD CMakeFiles/pico2_lvds_bridge.dir/C_/Users/raduco3/pico-dev/pico-sdk/src/common/hardware_claim/claim.c.obj
LOAD CMakeFiles/pico2_lvds_bridge.dir/C_/Users/raduco3/pico-dev/pico-sdk/src/rp2_common/hardware_sync/sync.c.obj
LOAD CMakeFiles/pico2_lvds_bridge.dir/C_/Users/raduco3/pico-dev/pico-sdk/src/rp2_common/hardware_sync_spin_lock/sync_spin_lock.c.obj
LOAD CMakeFiles/pico2_lvds_bridge.dir/C_/Users/raduco3/pico-dev/pico-sdk/src/rp2_common/hardware_irq/irq.c.obj
LOAD CMakeFiles/pico2_lvds_bridge.dir/C_/Users/raduco3/pico-dev/pico-sdk/src/rp2_common/hardware_irq/irq_handler_chain.S.obj
LOAD CMakeFiles/pico2_lvds_bridge.dir/C_/Users/raduco3/pico-dev/pico-sdk/src/common/pico_sync/sem.c.obj
LOAD CMakeFiles/pico2_lvds_bridge.dir/C_/Users/raduco3/pico-dev/pico-sdk/src/common/pico_sync/lock_core.c.obj
LOAD CMakeFiles/pico2_lvds_bridge.dir/C_/Users/raduco3/pico-dev/pico-sdk/src/common/pico_sync/mutex.c.obj
LOAD CMakeFiles/pico2_lvds_bridge.dir/C_/Users/raduco3/pico-dev/pico-sdk/src/common/pico_sync/critical_section.c.obj
LOAD CMakeFiles/pico2_lvds_bridge.dir/C_/Users/raduco3/pico-dev/pico-sdk/src/common/pico_time/time.c.obj
LOAD CMakeFiles/pico2_lvds_bridge.dir/C_/Users/raduco3/pico-dev/pico-sdk/src/common/pico_time/timeout_helper.c.obj
LOAD CMakeFiles/pico2_lvds_bridge.dir/C_/Users/raduco3/pico-dev/pico-sdk/src/rp2_common/hardware_timer/timer.c.obj
LOAD CMakeFiles/pico2_lvds_bridge.dir/C_/Users/raduco3/pico-dev/pico-sdk/src/common/pico_util/datetime.c.obj
LOAD CMakeFiles/pico2_lvds_bridge.dir/C_/Users/raduco3/pico-dev/pico-sdk/src/common/pico_util/pheap.c.obj
LOAD CMakeFiles/pico2_lvds_bridge.dir/C_/Users/raduco3/pico-dev/pico-sdk/src/common/pico_util/queue.c.obj
LOAD CMakeFiles/pico2_lvds_bridge.dir/C_/Users/raduco3/pico-dev/pico-sdk/src/rp2_common/hardware_uart/uart.c.obj
LOAD CMakeFiles/pico2_lvds_bridge.dir/C_/Users/raduco3/pico-dev/pico-sdk/src/rp2_common/hardware_clocks/clocks.c.obj
LOAD CMakeFiles/pico2_lvds_bridge.dir/C_/Users/raduco3/pico-dev/pico-sdk/src/rp2_common/hardware_pll/pll.c.obj
LOAD CMakeFiles/pico2_lvds_bridge.dir/C_/Users/raduco3/pico-dev/pico-sdk/src/rp2_common/hardware_vreg/vreg.c.obj
LOAD CMakeFiles/pico2_lvds_bridge.dir/C_/Users/raduco3/pico-dev/pico-sdk/src/rp2_common/hardware_watchdog/watchdog.c.obj
LOAD CMakeFiles/pico2_lvds_bridge.dir/C_/Users/raduco3/pico-dev/pico-sdk/src/rp2_common/hardware_ticks/ticks.c.obj
LOAD CMakeFiles/pico2_lvds_bridge.dir/C_/Users/raduco3/pico-dev/pico-sdk/src/rp2_common/pico_bootrom/bootrom.c.obj
LOAD CMakeFiles/pico2_lvds_bridge.dir/C_/Users/raduco3/pico-dev/pico-sdk/src/rp2_common/pico_bootrom/bootrom_lock.c.obj
LOAD CMakeFiles/pico2_lvds_bridge.dir/C_/Users/raduco3/pico-dev/pico-sdk/src/rp2_common/hardware_boot_lock/boot_lock.c.obj
LOAD CMakeFiles/pico2_lvds_bridge.dir/C_/Users/raduco3/pico-dev/pico-sdk/src/rp2_common/pico_flash/flash.c.obj
LOAD CMakeFiles/pico2_lvds_bridge.dir/C_/Users/raduco3/pico-dev/pico-sdk/src/rp2_common/hardware_xosc/xosc.c.obj
LOAD CMakeFiles/pico2_lvds_bridge.dir/C_/Users/raduco3/pico-dev/pico-sdk/src/rp2_common/hardware_divider/divider.c.obj
LOAD CMakeFiles/pico2_lvds_bridge.dir/C_/Users/raduco3/pico-dev/pico-sdk/src/rp2_common/pico_runtime/runtime.c.obj
LOAD CMakeFiles/pico2_lvds_bridge.dir/C_/Users/raduco3/pico-dev/pico-sdk/src/rp2_common/pico_runtime_init/runtime_init.c.obj
LOAD CMakeFiles/pico2_lvds_bridge.dir/C_/Users/raduco3/pico-dev/pico-sdk/src/rp2_common/pico_runtime_init/runtime_init_clocks.c.obj
LOAD CMakeFiles/pico2_lvds_bridge.dir/C_/Users/raduco3/pico-dev/pico-sdk/src/rp2_common/pico_runtime_init/runtime_init_stack_guard.c.obj
LOAD CMakeFiles/pico2_lvds_bridge.dir/C_/Users/raduco3/pico-dev/pico-sdk/src/rp2_common/pico_bit_ops/bit_ops_aeabi.S.obj
LOAD CMakeFiles/pico2_lvds_bridge.dir/C_/Users/raduco3/pico-dev/pico-sdk/src/rp2_common/pico_divider/divider_compiler.c.obj
LOAD CMakeFiles/pico2_lvds_bridge.dir/C_/Users/raduco3/pico-dev/pico-sdk/src/rp2_common/pico_double/double_math.c.obj
LOAD CMakeFiles/pico2_lvds_bridge.dir/C_/Users/raduco3/pico-dev/pico-sdk/src/rp2_common/pico_double/double_aeabi_dcp.S.obj
LOAD CMakeFiles/pico2_lvds_bridge.dir/C_/Users/raduco3/pico-dev/pico-sdk/src/rp2_common/pico_double/double_fma_dcp.S.obj
LOAD CMakeFiles/pico2_lvds_bridge.dir/C_/Users/raduco3/pico-dev/pico-sdk/src/rp2_common/pico_double/double_sci_m33.S.obj
LOAD CMakeFiles/pico2_lvds_bridge.dir/C_/Users/raduco3/pico-dev/pico-sdk/src/rp2_common/pico_double/double_conv_m33.S.obj
LOAD CMakeFiles/pico2_lvds_bridge.dir/C_/Users/raduco3/pico-dev/pico-sdk/src/rp2_common/pico_float/float_math.c.obj
LOAD CMakeFiles/pico2_lvds_bridge.dir/C_/Users/raduco3/pico-dev/pico-sdk/src/rp2_common/pico_float/float_sci_m33_vfp.S.obj
LOAD CMakeFiles/pico2_lvds_bridge.dir/C_/Users/raduco3/pico-dev/pico-sdk/src/rp2_common/pico_float/float_conv_m33.S.obj
LOAD CMakeFiles/pico2_lvds_bridge.dir/C_/Users/raduco3/pico-dev/pico-sdk/src/rp2_common/pico_malloc/malloc.c.obj
LOAD CMakeFiles/pico2_lvds_bridge.dir/C_/Users/raduco3/pico-dev/pico-sdk/src/rp2_common/pico_atomic/atomic.c.obj
LOAD CMakeFiles/pico2_lvds_bridge.dir/C_/Users/raduco3/pico-dev/pico-sdk/src/rp2_common/pico_cxx_options/new_delete.cpp.obj
LOAD CMakeFiles/pico2_lvds_bridge.dir/C_/Users/raduco3/pico-dev/pico-sdk/src/rp2_common/pico_standard_binary_info/standard_binary_info.c.obj
LOAD CMakeFiles/pico2_lvds_bridge.dir/C_/Users/raduco3/pico-dev/pico-sdk/src/rp2_common/pico_printf/printf.c.obj
LOAD CMakeFiles/pico2_lvds_bridge.dir/C_/Users/raduco3/pico-dev/pico-sdk/src/rp2_common/pico_crt0/crt0.S.obj
LOAD CMakeFiles/pico2_lvds_bridge.dir/C_/Users/raduco3/pico-dev/pico-sdk/src/rp2_common/pico_clib_interface/newlib_interface.c.obj
LOAD CMakeFiles/pico2_lvds_bridge.dir/C_/Users/raduco3/pico-dev/pico-sdk/src/rp2_common/pico_stdio/stdio.c.obj
LOAD CMakeFiles/pico2_lvds_bridge.dir/C_/Users/raduco3/pico-dev/pico-sdk/src/rp2_common/hardware_pio/pio.c.obj
LOAD CMakeFiles/pico2_lvds_bridge.dir/C_/Users/raduco3/pico-dev/pico-sdk/src/rp2_common/hardware_dma/dma.c.obj
LOAD CMakeFiles/pico2_lvds_bridge.dir/C_/Users/raduco3/pico-dev/pico-sdk/lib/tinyusb/src/portable/raspberrypi/rp2040/dcd_rp2040.c.obj
LOAD CMakeFiles/pico2_lvds_bridge.dir/C_/Users/raduco3/pico-dev/pico-sdk/lib/tinyusb/src/portable/raspberrypi/rp2040/rp2040_usb.c.obj
LOAD CMakeFiles/pico2_lvds_bridge.dir/C_/Users/raduco3/pico-dev/pico-sdk/lib/tinyusb/src/device/usbd.c.obj
LOAD CMakeFiles/pico2_lvds_bridge.dir/C_/Users/raduco3/pico-dev/pico-sdk/lib/tinyusb/src/device/usbd_control.c.obj
LOAD CMakeFiles/pico2_lvds_bridge.dir/C_/Users/raduco3/pico-dev/pico-sdk/lib/tinyusb/src/class/audio/audio_device.c.obj
LOAD CMakeFiles/pico2_lvds_bridge.dir/C_/Users/raduco3/pico-dev/pico-sdk/lib/tinyusb/src/class/cdc/cdc_device.c.obj
LOAD CMakeFiles/pico2_lvds_bridge.dir/C_/Users/raduco3/pico-dev/pico-sdk/lib/tinyusb/src/class/dfu/dfu_device.c.obj
LOAD CMakeFiles/pico2_lvds_bridge.dir/C_/Users/raduco3/pico-dev/pico-sdk/lib/tinyusb/src/class/dfu/dfu_rt_device.c.obj
LOAD CMakeFiles/pico2_lvds_bridge.dir/C_/Users/raduco3/pico-dev/pico-sdk/lib/tinyusb/src/class/hid/hid_device.c.obj
LOAD CMakeFiles/pico2_lvds_bridge.dir/C_/Users/raduco3/pico-dev/pico-sdk/lib/tinyusb/src/class/midi/midi_device.c.obj
LOAD CMakeFiles/pico2_lvds_bridge.dir/C_/Users/raduco3/pico-dev/pico-sdk/lib/tinyusb/src/class/msc/msc_device.c.obj
LOAD CMakeFiles/pico2_lvds_bridge.dir/C_/Users/raduco3/pico-dev/pico-sdk/lib/tinyusb/src/class/net/ecm_rndis_device.c.obj
LOAD CMakeFiles/pico2_lvds_bridge.dir/C_/Users/raduco3/pico-dev/pico-sdk/lib/tinyusb/src/class/net/ncm_device.c.obj
LOAD CMakeFiles/pico2_lvds_bridge.dir/C_/Users/raduco3/pico-dev/pico-sdk/lib/tinyusb/src/class/usbtmc/usbtmc_device.c.obj
LOAD CMakeFiles/pico2_lvds_bridge.dir/C_/Users/raduco3/pico-dev/pico-sdk/lib/tinyusb/src/class/vendor/vendor_device.c.obj
LOAD CMakeFiles/pico2_lvds_bridge.dir/C_/Users/raduco3/pico-dev/pico-sdk/lib/tinyusb/src/class/video/video_device.c.obj
LOAD CMakeFiles/pico2_lvds_bridge.dir/C_/Users/raduco3/pico-dev/pico-sdk/lib/tinyusb/src/tusb.c.obj
LOAD CMakeFiles/pico2_lvds_bridge.dir/C_/Users/raduco3/pico-dev/pico-sdk/lib/tinyusb/src/common/tusb_fifo.c.obj
LOAD CMakeFiles/pico2_lvds_bridge.dir/C_/Users/raduco3/pico-dev/pico-sdk/src/rp2_common/pico_fix/rp2040_usb_device_enumeration/rp2040_usb_device_enumeration.c.obj
LOAD CMakeFiles/pico2_lvds_bridge.dir/C_/Users/raduco3/pico-dev/pico-sdk/lib/tinyusb/hw/bsp/rp2040/family.c.obj
LOAD CMakeFiles/pico2_lvds_bridge.dir/C_/Users/raduco3/pico-dev/pico-sdk/src/rp2_common/pico_unique_id/unique_id.c.obj
LOAD CMakeFiles/pico2_lvds_bridge.dir/C_/Users/raduco3/pico-dev/pico-sdk/src/rp2_common/hardware_flash/flash.c.obj
LOAD CMakeFiles/pico2_lvds_bridge.dir/C_/Users/raduco3/pico-dev/pico-sdk/src/rp2_common/hardware_xip_cache/xip_cache.c.obj
LOAD pico-sdk/src/rp2350/boot_stage2/CMakeFiles/bs2_default_library.dir/./bs2_default_padded_checksummed.S.obj
LOAD C:/Users/raduco3/pico-dev/arm-gnu-toolchain/bin/../lib/gcc/arm-none-eabi/13.3.1/../../../../arm-none-eabi/lib/thumb/v8-m.main+fp/softfp\libstdc++.a
LOAD C:/Users/raduco3/pico-dev/arm-gnu-toolchain/bin/../lib/gcc/arm-none-eabi/13.3.1/../../../../arm-none-eabi/lib/thumb/v8-m.main+fp/softfp\libm.a
START GROUP
LOAD C:/Users/raduco3/pico-dev/arm-gnu-toolchain/bin/../lib/gcc/arm-none-eabi/13.3.1/thumb/v8-m.main+fp/softfp\libgcc.a
LOAD C:/Users/raduco3/pico-dev/arm-gnu-toolchain/bin/../lib/gcc/arm-none-eabi/13.3.1/../../../../arm-none-eabi/lib/thumb/v8-m.main+fp/softfp\libg.a
LOAD C:/Users/raduco3/pico-dev/arm-gnu-toolchain/bin/../lib/gcc/arm-none-eabi/13.3.1/../../../../arm-none-eabi/lib/thumb/v8-m.main+fp/softfp\libc.a
END GROUP
START GROUP
LOAD C:/Users/raduco3/pico-dev/arm-gnu-toolchain/bin/../lib/gcc/arm-none-eabi/13.3.1/thumb/v8-m.main+fp/softfp\libgcc.a
LOAD C:/Users/raduco3/pico-dev/arm-gnu-toolchain/bin/../lib/gcc/arm-none-eabi/13.3.1/../../../../arm-none-eabi/lib/thumb/v8-m.main+fp/softfp\libc.a
LOAD C:/Users/raduco3/pico-dev/arm-gnu-toolchain/bin/../lib/gcc/arm-none-eabi/13.3.1/../../../../arm-none-eabi/lib/thumb/v8-m.main+fp/softfp\libnosys.a
END GROUP
LOAD C:/Users/raduco3/pico-dev/arm-gnu-toolchain/bin/../lib/gcc/arm-none-eabi/13.3.1/thumb/v8-m.main+fp/softfp/crtend.o